Archive member included to satisfy reference by file (symbol)

C:/ST/STM32CubeIDE_1.16.1/STM32CubeIDE/plugins/com.st.stm32cube.ide.mcu.externaltools.gnu-tools-for-stm32.12.3.rel1.win32_1.0.200.202406191623/tools/bin/../lib/gcc/arm-none-eabi/12.3.1/../../../../arm-none-eabi/lib/thumb/v7-m/nofp\libc_nano.a(libc_a-exit.o)
                              C:/ST/STM32CubeIDE_1.16.1/STM32CubeIDE/plugins/com.st.stm32cube.ide.mcu.externaltools.gnu-tools-for-stm32.12.3.rel1.win32_1.0.200.202406191623/tools/bin/../lib/gcc/arm-none-eabi/12.3.1/../../../../arm-none-eabi/lib/thumb/v7-m/nofp/crt0.o (exit)
C:/ST/STM32CubeIDE_1.16.1/STM32CubeIDE/plugins/com.st.stm32cube.ide.mcu.externaltools.gnu-tools-for-stm32.12.3.rel1.win32_1.0.200.202406191623/tools/bin/../lib/gcc/arm-none-eabi/12.3.1/../../../../arm-none-eabi/lib/thumb/v7-m/nofp\libc_nano.a(libc_a-findfp.o)
                              C:/ST/STM32CubeIDE_1.16.1/STM32CubeIDE/plugins/com.st.stm32cube.ide.mcu.externaltools.gnu-tools-for-stm32.12.3.rel1.win32_1.0.200.202406191623/tools/bin/../lib/gcc/arm-none-eabi/12.3.1/../../../../arm-none-eabi/lib/thumb/v7-m/nofp\libc_nano.a(libc_a-exit.o) (__stdio_exit_handler)
C:/ST/STM32CubeIDE_1.16.1/STM32CubeIDE/plugins/com.st.stm32cube.ide.mcu.externaltools.gnu-tools-for-stm32.12.3.rel1.win32_1.0.200.202406191623/tools/bin/../lib/gcc/arm-none-eabi/12.3.1/../../../../arm-none-eabi/lib/thumb/v7-m/nofp\libc_nano.a(libc_a-fwalk.o)
                              C:/ST/STM32CubeIDE_1.16.1/STM32CubeIDE/plugins/com.st.stm32cube.ide.mcu.externaltools.gnu-tools-for-stm32.12.3.rel1.win32_1.0.200.202406191623/tools/bin/../lib/gcc/arm-none-eabi/12.3.1/../../../../arm-none-eabi/lib/thumb/v7-m/nofp\libc_nano.a(libc_a-findfp.o) (_fwalk_sglue)
C:/ST/STM32CubeIDE_1.16.1/STM32CubeIDE/plugins/com.st.stm32cube.ide.mcu.externaltools.gnu-tools-for-stm32.12.3.rel1.win32_1.0.200.202406191623/tools/bin/../lib/gcc/arm-none-eabi/12.3.1/../../../../arm-none-eabi/lib/thumb/v7-m/nofp\libc_nano.a(libc_a-sprintf.o)
                              ./Dashboard/Src/Dashboard_prog.o (sprintf)
C:/ST/STM32CubeIDE_1.16.1/STM32CubeIDE/plugins/com.st.stm32cube.ide.mcu.externaltools.gnu-tools-for-stm32.12.3.rel1.win32_1.0.200.202406191623/tools/bin/../lib/gcc/arm-none-eabi/12.3.1/../../../../arm-none-eabi/lib/thumb/v7-m/nofp\libc_nano.a(libc_a-stdio.o)
                              C:/ST/STM32CubeIDE_1.16.1/STM32CubeIDE/plugins/com.st.stm32cube.ide.mcu.externaltools.gnu-tools-for-stm32.12.3.rel1.win32_1.0.200.202406191623/tools/bin/../lib/gcc/arm-none-eabi/12.3.1/../../../../arm-none-eabi/lib/thumb/v7-m/nofp\libc_nano.a(libc_a-findfp.o) (__sread)
C:/ST/STM32CubeIDE_1.16.1/STM32CubeIDE/plugins/com.st.stm32cube.ide.mcu.externaltools.gnu-tools-for-stm32.12.3.rel1.win32_1.0.200.202406191623/tools/bin/../lib/gcc/arm-none-eabi/12.3.1/../../../../arm-none-eabi/lib/thumb/v7-m/nofp\libc_nano.a(libc_a-memset.o)
                              C:/ST/STM32CubeIDE_1.16.1/STM32CubeIDE/plugins/com.st.stm32cube.ide.mcu.externaltools.gnu-tools-for-stm32.12.3.rel1.win32_1.0.200.202406191623/tools/bin/../lib/gcc/arm-none-eabi/12.3.1/../../../../arm-none-eabi/lib/thumb/v7-m/nofp/crt0.o (memset)
C:/ST/STM32CubeIDE_1.16.1/STM32CubeIDE/plugins/com.st.stm32cube.ide.mcu.externaltools.gnu-tools-for-stm32.12.3.rel1.win32_1.0.200.202406191623/tools/bin/../lib/gcc/arm-none-eabi/12.3.1/../../../../arm-none-eabi/lib/thumb/v7-m/nofp\libc_nano.a(libc_a-closer.o)
                              C:/ST/STM32CubeIDE_1.16.1/STM32CubeIDE/plugins/com.st.stm32cube.ide.mcu.externaltools.gnu-tools-for-stm32.12.3.rel1.win32_1.0.200.202406191623/tools/bin/../lib/gcc/arm-none-eabi/12.3.1/../../../../arm-none-eabi/lib/thumb/v7-m/nofp\libc_nano.a(libc_a-stdio.o) (_close_r)
C:/ST/STM32CubeIDE_1.16.1/STM32CubeIDE/plugins/com.st.stm32cube.ide.mcu.externaltools.gnu-tools-for-stm32.12.3.rel1.win32_1.0.200.202406191623/tools/bin/../lib/gcc/arm-none-eabi/12.3.1/../../../../arm-none-eabi/lib/thumb/v7-m/nofp\libc_nano.a(libc_a-reent.o)
                              C:/ST/STM32CubeIDE_1.16.1/STM32CubeIDE/plugins/com.st.stm32cube.ide.mcu.externaltools.gnu-tools-for-stm32.12.3.rel1.win32_1.0.200.202406191623/tools/bin/../lib/gcc/arm-none-eabi/12.3.1/../../../../arm-none-eabi/lib/thumb/v7-m/nofp\libc_nano.a(libc_a-closer.o) (errno)
C:/ST/STM32CubeIDE_1.16.1/STM32CubeIDE/plugins/com.st.stm32cube.ide.mcu.externaltools.gnu-tools-for-stm32.12.3.rel1.win32_1.0.200.202406191623/tools/bin/../lib/gcc/arm-none-eabi/12.3.1/../../../../arm-none-eabi/lib/thumb/v7-m/nofp\libc_nano.a(libc_a-impure.o)
                              C:/ST/STM32CubeIDE_1.16.1/STM32CubeIDE/plugins/com.st.stm32cube.ide.mcu.externaltools.gnu-tools-for-stm32.12.3.rel1.win32_1.0.200.202406191623/tools/bin/../lib/gcc/arm-none-eabi/12.3.1/../../../../arm-none-eabi/lib/thumb/v7-m/nofp\libc_nano.a(libc_a-sprintf.o) (_impure_ptr)
[...]
Memory Configuration

Name             Origin             Length             Attributes
RAM              0x20000000         0x00005000         xrw
FLASH            0x08000000         0x00010000         xr
*default*        0x00000000         0xffffffff

Linker script and memory map

LOAD C:/ST/STM32CubeIDE_1.16.1/STM32CubeIDE/plugins/com.st.stm32cube.ide.mcu.externaltools.gnu-tools-for-stm32.12.3.rel1.win32_1.0.200.202406191623/tools/bin/../lib/gcc/arm-none-eabi/12.3.1/thumb/v7-m/nofp/crti.o
LOAD C:/ST/STM32CubeIDE_1.16.1/STM32CubeIDE/plugins/com.st.stm32cube.ide.mcu.externaltools.gnu-tools-for-stm32.12.3.rel1.win32_1.0.200.202406191623/tools/bin/../lib/gcc/arm-none-eabi/12.3.1/thumb/v7-m/nofp/crtbegin.o
LOAD C:/ST/STM32CubeIDE_1.16.1/STM32CubeIDE/plugins/com.st.stm32cube.ide.mcu.externaltools.gnu-tools-for-stm32.12.3.rel1.win32_1.0.200.202406191623/tools/bin/../lib/gcc/arm-none-eabi/12.3.1/../../../../arm-none-eabi/lib/thumb/v7-m/nofp/crt0.o
LOAD ./Core/Src/main.o
LOAD ./Core/Src/stm32f1xx_hal_msp.o
LOAD ./Core/Src/stm32f1xx_it.o
LOAD ./Core/Src/syscalls.o
LOAD ./Core/Src/sysmem.o
LOAD ./Core/Src/system_stm32f1xx.o
LOAD ./Core/Startup/startup_stm32f103c8tx.o
LOAD ./Dashboard/Src/Dashboard_prog.o
LOAD ./Drivers/STM32F1xx_HAL_Driver/Src/stm32f1xx_hal.o
LOAD ./Drivers/STM32F1xx_HAL_Driver/Src/stm32f1xx_hal_adc.o
LOAD ./Drivers/STM32F1xx_HAL_Driver/Src/stm32f1xx_hal_adc_ex.o
LOAD ./Drivers/STM32F1xx_HAL_Driver/Src/stm32f1xx_hal_can.o
LOAD ./Drivers/STM32F1xx_HAL_Driver/Src/stm32f1xx_hal_cortex.o
LOAD ./Drivers/STM32F1xx_HAL_Driver/Src/stm32f1xx_hal_dma.o
LOAD ./Drivers/STM32F1xx_HAL_Driver/Src/stm32f1xx_hal_exti.o
LOAD ./Drivers/STM32F1xx_HAL_Driver/Src/stm32f1xx_hal_flash.o
LOAD ./Drivers/STM32F1xx_HAL_Driver/Src/stm32f1xx_hal_flash_ex.o
LOAD ./Drivers/STM32F1xx_HAL_Driver/Src/stm32f1xx_hal_gpio.o
LOAD ./Drivers/STM32F1xx_HAL_Driver/Src/stm32f1xx_hal_gpio_ex.o
LOAD ./Drivers/STM32F1xx_HAL_Driver/Src/stm32f1xx_hal_pwr.o
LOAD ./Drivers/STM32F1xx_HAL_Driver/Src/stm32f1xx_hal_rcc.o
LOAD ./Drivers/STM32F1xx_HAL_Driver/Src/stm32f1xx_hal_rcc_ex.o
LOAD ./Drivers/STM32F1xx_HAL_Driver/Src/stm32f1xx_hal_tim.o
LOAD ./Drivers/STM32F1xx_HAL_Driver/Src/stm32f1xx_hal_tim_ex.o
LOAD ./Drivers/STM32F1xx_HAL_Driver/Src/stm32f1xx_hal_uart.o
LOAD ./Nextion/Src/Nextion_prog.o
LOAD ./PROX/Src/PROX_prog.o
START GROUP
LOAD C:/ST/STM32CubeIDE_1.16.1/STM32CubeIDE/plugins/com.st.stm32cube.ide.mcu.externaltools.gnu-tools-for-stm32.12.3.rel1.win32_1.0.200.202406191623/tools/bin/../lib/gcc/arm-none-eabi/12.3.1/../../../../arm-none-eabi/lib/thumb/v7-m/nofp\libc_nano.a
LOAD C:/ST/STM32CubeIDE_1.16.1/STM32CubeIDE/plugins/com.st.stm32cube.ide.mcu.externaltools.gnu-tools-for-stm32.12.3.rel1.win32_1.0.200.202406191623/tools/bin/../lib/gcc/arm-none-eabi/12.3.1/../../../../arm-none-eabi/lib/thumb/v7-m/nofp\libm.a
END GROUP
START GROUP
LOAD C:/ST/STM32CubeIDE_1.16.1/STM32CubeIDE/plugins/com.st.stm32cube.ide.mcu.externaltools.gnu-tools-for-stm32.12.3.rel1.win32_1.0.200.202406191623/tools/bin/../lib/gcc/arm-none-eabi/12.3.1/thumb/v7-m/nofp\libgcc.a
LOAD C:/ST/STM32CubeIDE_1.16.1/STM32CubeIDE/plugins/com.st.stm32cube.ide.mcu.externaltools.gnu-tools-for-stm32.12.3.rel1.win32_1.0.200.202406191623/tools/bin/../lib/gcc/arm-none-eabi/12.3.1/../../../../arm-none-eabi/lib/thumb/v7-m/nofp\libc_nano.a
END GROUP
START GROUP
LOAD C:/ST/STM32CubeIDE_1.16.1/STM32CubeIDE/plugins/com.st.stm32cube.ide.mcu.externaltools.gnu-tools-for-stm32.12.3.rel1.win32_1.0.200.202406191623/tools/bin/../lib/gcc/arm-none-eabi/12.3.1/thumb/v7-m/nofp\libgcc.a
LOAD C:/ST/STM32CubeIDE_1.16.1/STM32CubeIDE/plugins/com.st.stm32cube.ide.mcu.externaltools.gnu-tools-for-stm32.12.3.rel1.win32_1.0.200.202406191623/tools/bin/../lib/gcc/arm-none-eabi/12.3.1/../../../../arm-none-eabi/lib/thumb/v7-m/nofp\libc_nano.a
LOAD C:/ST/STM32CubeIDE_1.16.1/STM32CubeIDE/plugins/com.st.stm32cube.ide.mcu.externaltools.gnu-tools-for-stm32.12.3.rel1.win32_1.0.200.202406191623/tools/bin/../lib/gcc/arm-none-eabi/12.3.1/../../../../arm-none-eabi/lib/thumb/v7-m/nofp\libnosys.a
END GROUP
START GROUP
LOAD C:/ST/STM32CubeIDE_1.16.1/STM32CubeIDE/plugins/com.st.stm32cube.ide.mcu.externaltools.gnu-tools-for-stm32.12.3.rel1.win32_1.0.200.202406191623/tools/bin/../lib/gcc/arm-none-eabi/12.3.1/thumb/v7-m/nofp\libgcc.a
LOAD C:/ST/STM32CubeIDE_1.16.1/STM32CubeIDE/plugins/com.st.stm32cube.ide.mcu.externaltools.gnu-tools-for-stm32.12.3.rel1.win32_1.0.200.202406191623/tools/bin/../lib/gcc/arm-none-eabi/12.3.1/../../../../arm-none-eabi/lib/thumb/v7-m/nofp\libc_nano.a
LOAD C:/ST/STM32CubeIDE_1.16.1/STM32CubeIDE/plugins/com.st.stm32cube.ide.mcu.externaltools.gnu-tools-for-stm32.12.3.rel1.win32_1.0.200.202406191623/tools/bin/../lib/gcc/arm-none-eabi/12.3.1/../../../../arm-none-eabi/lib/thumb/v7-m/nofp\libnosys.a
END GROUP
LOAD C:/ST/STM32CubeIDE_1.16.1/STM32CubeIDE/plugins/com.st.stm32cube.ide.mcu.externaltools.gnu-tools-for-stm32.12.3.rel1.win32_1.0.200.202406191623/tools/bin/../lib/gcc/arm-none-eabi/12.3.1/thumb/v7-m/nofp/crtend.o
LOAD C:/ST/STM32CubeIDE_1.16.1/STM32CubeIDE/plugins/com.st.stm32cube.ide.mcu.externaltools.gnu-tools-for-stm32.12.3.rel1.win32_1.0.200.202406191623/tools/bin/../lib/gcc/arm-none-eabi/12.3.1/thumb/v7-m/nofp/crtn.o
                0x20005000                        _estack = (ORIGIN (RAM) + LENGTH (RAM))
                0x00000200                        _Min_Heap_Size = 0x200
                0x00000400                        _Min_Stack_Size = 0x400

.isr_vector     0x08000000      0x10c
                0x08000000                        . = ALIGN (0x4)
 *(.isr_vector)
 .isr_vector    0x08000000      0x10c ./Core/Startup/startup_stm32f103c8tx.o
                0x08000000                g_pfnVectors
                0x0800010c                        . = ALIGN (0x4)

.text           0x08000110     0x7120
                0x08000110                        . = ALIGN (0x4)
 *(.text)
 .text          0x08000110       0x40 C:/ST/STM32CubeIDE_1.16.1/STM32CubeIDE/plugins/com.st.stm32cube.ide.mcu.externaltools.gnu-tools-for-stm32.12.3.rel1.win32_1.0.200.202406191623/tools/bin/../lib/gcc/arm-none-eabi/12.3.1/thumb/v7-m/nofp/crtbegin.o
 .text          0x08000150      0x378 C:/ST/STM32CubeIDE_1.16.1/STM32CubeIDE/plugins/com.st.stm32cube.ide.mcu.externaltools.gnu-tools-for-stm32.12.3.rel1.win32_1.0.200.202406191623/tools/bin/../lib/gcc/arm-none-eabi/12.3.1/thumb/v7-m/nofp\libgcc.a(_arm_addsubdf3.o)
                0x08000150                __aeabi_drsub
                0x08000158                __aeabi_dsub
                0x08000158                __subdf3
                0x0800015c                __aeabi_dadd
                0x0800015c                __adddf3
                0x080003d4                __floatunsidf
                0x080003d4                __aeabi_ui2d
                0x080003f4                __floatsidf
                0x080003f4                __aeabi_i2d
                0x08000418                __aeabi_f2d
                0x08000418                __extendsfdf2
                0x0800045c                __floatundidf
                0x0800045c                __aeabi_ul2d
                0x0800046c                __floatdidf
                0x0800046c                __aeabi_l2d
 .text          0x080004c8      0x424 C:/ST/STM32CubeIDE_1.16.1/STM32CubeIDE/plugins/com.st.stm32cube.ide.mcu.externaltools.gnu-tools-for-stm32.12.3.rel1.win32_1.0.200.202406191623/tools/bin/../lib/gcc/arm-none-eabi/12.3.1/thumb/v7-m/nofp\libgcc.a(_arm_muldivdf3.o)
                0x080004c8                __aeabi_dmul
                0x080004c8                __muldf3
                0x0800071c                __divdf3
                0x0800071c                __aeabi_ddiv
 .text          0x080008ec      0x110 C:/ST/STM32CubeIDE_1.16.1/STM32CubeIDE/plugins/com.st.stm32cube.ide.mcu.externaltools.gnu-tools-for-stm32.12.3.rel1.win32_1.0.200.202406191623/tools/bin/../lib/gcc/arm-none-eabi/12.3.1/thumb/v7-m/nofp\libgcc.a(_arm_cmpdf2.o)
                0x080008ec                __gtdf2
                0x080008ec                __gedf2
                0x080008f4                __ltdf2
                0x080008f4                __ledf2
                0x080008fc                __nedf2
                0x080008fc                __eqdf2
                0x080008fc                __cmpdf2
                0x08000978                __aeabi_cdrcmple
                0x08000988                __aeabi_cdcmpeq
                0x08000988                __aeabi_cdcmple
                0x08000998                __aeabi_dcmpeq
                0x080009ac                __aeabi_dcmplt
                0x080009c0                __aeabi_dcmple
                0x080009d4                __aeabi_dcmpge
                0x080009e8                __aeabi_dcmpgt
 .text          0x080009fc       0x40 C:/ST/STM32CubeIDE_1.16.1/STM32CubeIDE/plugins/com.st.stm32cube.ide.mcu.externaltools.gnu-tools-for-stm32.12.3.rel1.win32_1.0.200.202406191623/tools/bin/../lib/gcc/arm-none-eabi/12.3.1/thumb/v7-m/nofp\libgcc.a(_arm_fixunsdfsi.o)
                0x080009fc                __aeabi_d2uiz
                0x080009fc                __fixunsdfsi
 .text          0x08000a3c       0xa0 C:/ST/STM32CubeIDE_1.16.1/STM32CubeIDE/plugins/com.st.stm32cube.ide.mcu.externaltools.gnu-tools-for-stm32.12.3.rel1.win32_1.0.200.202406191623/tools/bin/../lib/gcc/arm-none-eabi/12.3.1/thumb/v7-m/nofp\libgcc.a(_arm_truncdfsf2.o)
                0x08000a3c                __truncdfsf2
                0x08000a3c                __aeabi_d2f
 .text          0x08000adc      0x21c C:/ST/STM32CubeIDE_1.16.1/STM32CubeIDE/plugins/com.st.stm32cube.ide.mcu.externaltools.gnu-tools-for-stm32.12.3.rel1.win32_1.0.200.202406191623/tools/bin/../lib/gcc/arm-none-eabi/12.3.1/thumb/v7-m/nofp\libgcc.a(_arm_addsubsf3.o)
                0x08000adc                __aeabi_frsub
                0x08000ae4                __subsf3
                0x08000ae4                __aeabi_fsub
                0x08000ae8                __aeabi_fadd
                0x08000ae8                __addsf3
                0x08000c48                __aeabi_ui2f
                0x08000c48                __floatunsisf
                0x08000c50                __aeabi_i2f
                0x08000c50                __floatsisf
                0x08000c6c                __aeabi_ul2f
                0x08000c6c                __floatundisf
                0x08000c7c                __aeabi_l2f
                0x08000c7c                __floatdisf
 .text          0x08000cf8      0x2a0 C:/ST/STM32CubeIDE_1.16.1/STM32CubeIDE/plugins/com.st.stm32cube.ide.mcu.externaltools.gnu-tools-for-stm32.12.3.rel1.win32_1.0.200.202406191623/tools/bin/../lib/gcc/arm-none-eabi/12.3.1/thumb/v7-m/nofp\libgcc.a(_arm_muldivsf3.o)
                0x08000cf8                __mulsf3
                0x08000cf8                __aeabi_fmul
                0x08000e60                __aeabi_fdiv
                0x08000e60                __divsf3
 *(.text*)
 .text.HAL_CAN_RxFifo0MsgPendingCallback
                0x08000f98       0x16 ./Core/Src/main.o
                0x08000f98                HAL_CAN_RxFifo0MsgPendingCallback
 *fill*         0x08000fae        0x2 
 .text.HAL_GPIO_EXTI_Callback
                0x08000fb0       0x2c ./Core/Src/main.o
                0x08000fb0                HAL_GPIO_EXTI_Callback
 .text.HAL_TIM_IC_CaptureCallback
                0x08000fdc       0x24 ./Core/Src/main.o
                0x08000fdc                HAL_TIM_IC_CaptureCallback
 .text.HAL_TIM_PeriodElapsedCallback
                0x08001000       0x6c ./Core/Src/main.o
                0x08001000                HAL_TIM_PeriodElapsedCallback
 *fill*         0x0800106c        0x4 
 .text.main     0x08001070      0x194 ./Core/Src/main.o
                0x08001070                main
 .text.SystemClock_Config
                0x08001204       0xb6 ./Core/Src/main.o
                0x08001204                SystemClock_Config
 *fill*         0x080012ba        0x2 
 .text.MX_ADC1_Init
                0x080012bc       0x7c ./Core/Src/main.o
 .text.MX_CAN_Init
                0x08001338       0xa0 ./Core/Src/main.o
 .text.MX_TIM1_Init
                0x080013d8       0xa4 ./Core/Src/main.o
 .text.MX_TIM2_Init
                0x0800147c       0xe8 ./Core/Src/main.o
 .text.MX_TIM3_Init
                0x08001564       0x9c ./Core/Src/main.o
 .text.MX_TIM4_Init
                0x08001600       0x9c ./Core/Src/main.o
 .text.MX_USART1_UART_Init
                0x0800169c       0x54 ./Core/Src/main.o
 .text.MX_GPIO_Init
                0x080016f0       0xf0 ./Core/Src/main.o
 .text.Error_Handler
                0x080017e0        0xc ./Core/Src/main.o
                0x080017e0                Error_Handler
 .text.HAL_MspInit
                0x080017ec       0x64 ./Core/Src/stm32f1xx_hal_msp.o
                0x080017ec                HAL_MspInit
 .text.HAL_ADC_MspInit
                0x08001850       0x78 ./Core/Src/stm32f1xx_hal_msp.o
                0x08001850                HAL_ADC_MspInit
 .text.HAL_CAN_MspInit
                0x080018c8       0xb8 ./Core/Src/stm32f1xx_hal_msp.o
                0x080018c8                HAL_CAN_MspInit
 .text.HAL_TIM_Base_MspInit
                0x08001980       0xbc ./Core/Src/stm32f1xx_hal_msp.o
                0x08001980                HAL_TIM_Base_MspInit
 .text.HAL_TIM_IC_MspInit
                0x08001a3c       0x88 ./Core/Src/stm32f1xx_hal_msp.o
                0x08001a3c                HAL_TIM_IC_MspInit
 .text.HAL_UART_MspInit
                0x08001ac4       0xa8 ./Core/Src/stm32f1xx_hal_msp.o
                0x08001ac4                HAL_UART_MspInit
 .text.NMI_Handler
                0x08001b6c        0x8 ./Core/Src/stm32f1xx_it.o
                0x08001b6c                NMI_Handler
 .text.HardFault_Handler
                0x08001b74        0x8 ./Core/Src/stm32f1xx_it.o
                0x08001b74                HardFault_Handler
 .text.MemManage_Handler
                0x08001b7c        0x8 ./Core/Src/stm32f1xx_it.o
                0x08001b7c                MemManage_Handler
 .text.BusFault_Handler
                0x08001b84        0x8 ./Core/Src/stm32f1xx_it.o
                0x08001b84                BusFault_Handler
 .text.UsageFault_Handler
                0x08001b8c        0x8 ./Core/Src/stm32f1xx_it.o
                0x08001b8c                UsageFault_Handler
 .text.SVC_Handler
                0x08001b94        0xc ./Core/Src/stm32f1xx_it.o
                0x08001b94                SVC_Handler
 .text.DebugMon_Handler
                0x08001ba0        0xc ./Core/Src/stm32f1xx_it.o
                0x08001ba0                DebugMon_Handler
 .text.PendSV_Handler
                0x08001bac        0xc ./Core/Src/stm32f1xx_it.o
                0x08001bac                PendSV_Handler
 .text.SysTick_Handler
                0x08001bb8        0xc ./Core/Src/stm32f1xx_it.o
                0x08001bb8                SysTick_Handler
 .text.EXTI0_IRQHandler
                0x08001bc4        0xe ./Core/Src/stm32f1xx_it.o
                0x08001bc4                EXTI0_IRQHandler
 .text.EXTI1_IRQHandler
                0x08001bd2        0xe ./Core/Src/stm32f1xx_it.o
                0x08001bd2                EXTI1_IRQHandler
 .text.USB_LP_CAN1_RX0_IRQHandler
                0x08001be0       0x14 ./Core/Src/stm32f1xx_it.o
                0x08001be0                USB_LP_CAN1_RX0_IRQHandler
 .text.CAN1_RX1_IRQHandler
                0x08001bf4       0x14 ./Core/Src/stm32f1xx_it.o
                0x08001bf4                CAN1_RX1_IRQHandler
 .text.TIM1_UP_IRQHandler
                0x08001c08       0x14 ./Core/Src/stm32f1xx_it.o
                0x08001c08                TIM1_UP_IRQHandler
 .text.TIM2_IRQHandler
                0x08001c1c       0x14 ./Core/Src/stm32f1xx_it.o
                0x08001c1c                TIM2_IRQHandler
 .text.TIM3_IRQHandler
                0x08001c30       0x14 ./Core/Src/stm32f1xx_it.o
                0x08001c30                TIM3_IRQHandler
 .text.TIM4_IRQHandler
                0x08001c44       0x14 ./Core/Src/stm32f1xx_it.o
                0x08001c44                TIM4_IRQHandler
 .text.USART1_IRQHandler
                0x08001c58       0x14 ./Core/Src/stm32f1xx_it.o
                0x08001c58                USART1_IRQHandler
 .text._sbrk    0x08001c6c       0x6c ./Core/Src/sysmem.o
                0x08001c6c                _sbrk
 .text.SystemInit
                0x08001cd8        0xc ./Core/Src/system_stm32f1xx.o
                0x08001cd8                SystemInit
 .text.Reset_Handler
                0x08001ce4       0x48 ./Core/Startup/startup_stm32f103c8tx.o
                0x08001ce4                Reset_Handler
 .text.Default_Handler
                0x08001d2c        0x2 ./Core/Startup/startup_stm32f103c8tx.o
                0x08001d2c                RTC_Alarm_IRQHandler
                0x08001d2c                EXTI2_IRQHandler
                0x08001d2c                TIM1_CC_IRQHandler
                0x08001d2c                PVD_IRQHandler
                0x08001d2c                EXTI3_IRQHandler
                0x08001d2c                I2C2_EV_IRQHandler
                0x08001d2c                ADC1_2_IRQHandler
                0x08001d2c                SPI1_IRQHandler
                0x08001d2c                TAMPER_IRQHandler
                0x08001d2c                DMA1_Channel4_IRQHandler
                0x08001d2c                USART3_IRQHandler
                0x08001d2c                RTC_IRQHandler
                0x08001d2c                DMA1_Channel7_IRQHandler
                0x08001d2c                I2C1_EV_IRQHandler
                0x08001d2c                DMA1_Channel6_IRQHandler
                0x08001d2c                RCC_IRQHandler
                0x08001d2c                TIM1_TRG_COM_IRQHandler
                0x08001d2c                DMA1_Channel1_IRQHandler
                0x08001d2c                Default_Handler
                0x08001d2c                EXTI15_10_IRQHandler
                0x08001d2c                EXTI9_5_IRQHandler
                0x08001d2c                SPI2_IRQHandler
                0x08001d2c                DMA1_Channel5_IRQHandler
                0x08001d2c                EXTI4_IRQHandler
                0x08001d2c                USB_HP_CAN1_TX_IRQHandler
                0x08001d2c                DMA1_Channel3_IRQHandler
                0x08001d2c                WWDG_IRQHandler
                0x08001d2c                TIM1_BRK_IRQHandler
                0x08001d2c                USART2_IRQHandler
                0x08001d2c                I2C2_ER_IRQHandler
                0x08001d2c                DMA1_Channel2_IRQHandler
                0x08001d2c                CAN1_SCE_IRQHandler
                0x08001d2c                FLASH_IRQHandler
                0x08001d2c                I2C1_ER_IRQHandler
                0x08001d2c                USBWakeUp_IRQHandler
 *fill*         0x08001d2e        0x2 
 .text.Dashboard_Init
                0x08001d30       0xac ./Dashboard/Src/Dashboard_prog.o
                0x08001d30                Dashboard_Init
 .text.LabTimer_CallBack_ISR
                0x08001ddc      0x148 ./Dashboard/Src/Dashboard_prog.o
                0x08001ddc                LabTimer_CallBack_ISR
 .text.LabTimerStoped
                0x08001f24       0xe4 ./Dashboard/Src/Dashboard_prog.o
                0x08001f24                LabTimerStoped
 .text.LabTimer_Buttons_Callback
                0x08002008       0xd8 ./Dashboard/Src/Dashboard_prog.o
                0x08002008                LabTimer_Buttons_Callback
 .text.Debouncing_CallBack
                0x080020e0       0x38 ./Dashboard/Src/Dashboard_prog.o
                0x080020e0                Debouncing_CallBack
 .text.CAN_Message
                0x08002118      0x298 ./Dashboard/Src/Dashboard_prog.o
                0x08002118                CAN_Message
 .text.HAL_Init
                0x080023b0       0x2c ./Drivers/STM32F1xx_HAL_Driver/Src/stm32f1xx_hal.o
                0x080023b0                HAL_Init
 .text.HAL_InitTick
                0x080023dc       0x60 ./Drivers/STM32F1xx_HAL_Driver/Src/stm32f1xx_hal.o
                0x080023dc                HAL_InitTick
 .text.HAL_IncTick
                0x0800243c       0x24 ./Drivers/STM32F1xx_HAL_Driver/Src/stm32f1xx_hal.o
                0x0800243c                HAL_IncTick
 .text.HAL_GetTick
                0x08002460       0x14 ./Drivers/STM32F1xx_HAL_Driver/Src/stm32f1xx_hal.o
                0x08002460                HAL_GetTick
 .text.HAL_Delay
                0x08002474       0x48 ./Drivers/STM32F1xx_HAL_Driver/Src/stm32f1xx_hal.o
                0x08002474                HAL_Delay
 .text.HAL_ADC_Init
                0x080024bc      0x1b0 ./Drivers/STM32F1xx_HAL_Driver/Src/stm32f1xx_hal_adc.o
                0x080024bc                HAL_ADC_Init
 .text.HAL_ADC_Start
                0x0800266c      0x15c ./Drivers/STM32F1xx_HAL_Driver/Src/stm32f1xx_hal_adc.o
                0x0800266c                HAL_ADC_Start
 .text.HAL_ADC_PollForConversion
                0x080027c8      0x20c ./Drivers/STM32F1xx_HAL_Driver/Src/stm32f1xx_hal_adc.o
                0x080027c8                HAL_ADC_PollForConversion
 .text.HAL_ADC_GetValue
                0x080029d4       0x18 ./Drivers/STM32F1xx_HAL_Driver/Src/stm32f1xx_hal_adc.o
                0x080029d4                HAL_ADC_GetValue
 .text.HAL_ADC_ConfigChannel
                0x080029ec      0x1f0 ./Drivers/STM32F1xx_HAL_Driver/Src/stm32f1xx_hal_adc.o
                0x080029ec                HAL_ADC_ConfigChannel
 .text.ADC_Enable
                0x08002bdc       0xb4 ./Drivers/STM32F1xx_HAL_Driver/Src/stm32f1xx_hal_adc.o
                0x08002bdc                ADC_Enable
 .text.ADC_ConversionStop_Disable
                0x08002c90       0x82 ./Drivers/STM32F1xx_HAL_Driver/Src/stm32f1xx_hal_adc.o
                0x08002c90                ADC_ConversionStop_Disable
 .text.HAL_CAN_Init
                0x08002d12      0x1f6 ./Drivers/STM32F1xx_HAL_Driver/Src/stm32f1xx_hal_can.o
                0x08002d12                HAL_CAN_Init
 .text.HAL_CAN_ConfigFilter
                0x08002f08      0x192 ./Drivers/STM32F1xx_HAL_Driver/Src/stm32f1xx_hal_can.o
                0x08002f08                HAL_CAN_ConfigFilter
 .text.HAL_CAN_Start
                0x0800309a       0x88 ./Drivers/STM32F1xx_HAL_Driver/Src/stm32f1xx_hal_can.o
                0x0800309a                HAL_CAN_Start
 .text.HAL_CAN_GetRxMessage
                0x08003122      0x242 ./Drivers/STM32F1xx_HAL_Driver/Src/stm32f1xx_hal_can.o
                0x08003122                HAL_CAN_GetRxMessage
 .text.HAL_CAN_ActivateNotification
                0x08003364       0x4a ./Drivers/STM32F1xx_HAL_Driver/Src/stm32f1xx_hal_can.o
                0x08003364                HAL_CAN_ActivateNotification
 .text.HAL_CAN_IRQHandler
                0x080033ae      0x36e ./Drivers/STM32F1xx_HAL_Driver/Src/stm32f1xx_hal_can.o
                0x080033ae                HAL_CAN_IRQHandler
 .text.HAL_CAN_TxMailbox0CompleteCallback
                0x0800371c       0x12 ./Drivers/STM32F1xx_HAL_Driver/Src/stm32f1xx_hal_can.o
                0x0800371c                HAL_CAN_TxMailbox0CompleteCallback
 .text.HAL_CAN_TxMailbox1CompleteCallback
                0x0800372e       0x12 ./Drivers/STM32F1xx_HAL_Driver/Src/stm32f1xx_hal_can.o
                0x0800372e                HAL_CAN_TxMailbox1CompleteCallback
 .text.HAL_CAN_TxMailbox2CompleteCallback
                0x08003740       0x12 ./Drivers/STM32F1xx_HAL_Driver/Src/stm32f1xx_hal_can.o
                0x08003740                HAL_CAN_TxMailbox2CompleteCallback
 .text.HAL_CAN_TxMailbox0AbortCallback
                0x08003752       0x12 ./Drivers/STM32F1xx_HAL_Driver/Src/stm32f1xx_hal_can.o
                0x08003752                HAL_CAN_TxMailbox0AbortCallback
 .text.HAL_CAN_TxMailbox1AbortCallback
                0x08003764       0x12 ./Drivers/STM32F1xx_HAL_Driver/Src/stm32f1xx_hal_can.o
                0x08003764                HAL_CAN_TxMailbox1AbortCallback
 .text.HAL_CAN_TxMailbox2AbortCallback
                0x08003776       0x12 ./Drivers/STM32F1xx_HAL_Driver/Src/stm32f1xx_hal_can.o
                0x08003776                HAL_CAN_TxMailbox2AbortCallback
 .text.HAL_CAN_RxFifo0FullCallback
                0x08003788       0x12 ./Drivers/STM32F1xx_HAL_Driver/Src/stm32f1xx_hal_can.o
                0x08003788                HAL_CAN_RxFifo0FullCallback
 .text.HAL_CAN_RxFifo1MsgPendingCallback
                0x0800379a       0x12 ./Drivers/STM32F1xx_HAL_Driver/Src/stm32f1xx_hal_can.o
                0x0800379a                HAL_CAN_RxFifo1MsgPendingCallback
 .text.HAL_CAN_RxFifo1FullCallback
                0x080037ac       0x12 ./Drivers/STM32F1xx_HAL_Driver/Src/stm32f1xx_hal_can.o
                0x080037ac                HAL_CAN_RxFifo1FullCallback
 .text.HAL_CAN_SleepCallback
                0x080037be       0x12 ./Drivers/STM32F1xx_HAL_Driver/Src/stm32f1xx_hal_can.o
                0x080037be                HAL_CAN_SleepCallback
 .text.HAL_CAN_WakeUpFromRxMsgCallback
                0x080037d0       0x12 ./Drivers/STM32F1xx_HAL_Driver/Src/stm32f1xx_hal_can.o
                0x080037d0                HAL_CAN_WakeUpFromRxMsgCallback
 .text.HAL_CAN_ErrorCallback
                0x080037e2       0x12 ./Drivers/STM32F1xx_HAL_Driver/Src/stm32f1xx_hal_can.o
                0x080037e2                HAL_CAN_ErrorCallback
 .text.__NVIC_SetPriorityGrouping
                0x080037f4       0x48 ./Drivers/STM32F1xx_HAL_Driver/Src/stm32f1xx_hal_cortex.o
 .text.__NVIC_GetPriorityGrouping
                0x0800383c       0x1c ./Drivers/STM32F1xx_HAL_Driver/Src/stm32f1xx_hal_cortex.o
 .text.__NVIC_EnableIRQ
                0x08003858       0x38 ./Drivers/STM32F1xx_HAL_Driver/Src/stm32f1xx_hal_cortex.o
 .text.__NVIC_DisableIRQ
                0x08003890       0x48 ./Drivers/STM32F1xx_HAL_Driver/Src/stm32f1xx_hal_cortex.o
 .text.__NVIC_SetPriority
                0x080038d8       0x54 ./Drivers/STM32F1xx_HAL_Driver/Src/stm32f1xx_hal_cortex.o
 .text.NVIC_EncodePriority
                0x0800392c       0x64 ./Drivers/STM32F1xx_HAL_Driver/Src/stm32f1xx_hal_cortex.o
 .text.SysTick_Config
                0x08003990       0x44 ./Drivers/STM32F1xx_HAL_Driver/Src/stm32f1xx_hal_cortex.o
 .text.HAL_NVIC_SetPriorityGrouping
                0x080039d4       0x16 ./Drivers/STM32F1xx_HAL_Driver/Src/stm32f1xx_hal_cortex.o
                0x080039d4                HAL_NVIC_SetPriorityGrouping
 .text.HAL_NVIC_SetPriority
                0x080039ea       0x38 ./Drivers/STM32F1xx_HAL_Driver/Src/stm32f1xx_hal_cortex.o
                0x080039ea                HAL_NVIC_SetPriority
 .text.HAL_NVIC_EnableIRQ
                0x08003a22       0x1c ./Drivers/STM32F1xx_HAL_Driver/Src/stm32f1xx_hal_cortex.o
                0x08003a22                HAL_NVIC_EnableIRQ
 .text.HAL_NVIC_DisableIRQ
                0x08003a3e       0x1c ./Drivers/STM32F1xx_HAL_Driver/Src/stm32f1xx_hal_cortex.o
                0x08003a3e                HAL_NVIC_DisableIRQ
 .text.HAL_SYSTICK_Config
                0x08003a5a       0x18 ./Drivers/STM32F1xx_HAL_Driver/Src/stm32f1xx_hal_cortex.o
                0x08003a5a                HAL_SYSTICK_Config
 .text.HAL_DMA_Abort
                0x08003a72       0x76 ./Drivers/STM32F1xx_HAL_Driver/Src/stm32f1xx_hal_dma.o
                0x08003a72                HAL_DMA_Abort
 .text.HAL_DMA_Abort_IT
                0x08003ae8       0xf0 ./Drivers/STM32F1xx_HAL_Driver/Src/stm32f1xx_hal_dma.o
                0x08003ae8                HAL_DMA_Abort_IT
 .text.HAL_GPIO_Init
                0x08003bd8      0x308 ./Drivers/STM32F1xx_HAL_Driver/Src/stm32f1xx_hal_gpio.o
                0x08003bd8                HAL_GPIO_Init
 .text.HAL_GPIO_WritePin
                0x08003ee0       0x30 ./Drivers/STM32F1xx_HAL_Driver/Src/stm32f1xx_hal_gpio.o
                0x08003ee0                HAL_GPIO_WritePin
 .text.HAL_GPIO_EXTI_IRQHandler
                0x08003f10       0x30 ./Drivers/STM32F1xx_HAL_Driver/Src/stm32f1xx_hal_gpio.o
                0x08003f10                HAL_GPIO_EXTI_IRQHandler
 .text.HAL_RCC_OscConfig
                0x08003f40      0x504 ./Drivers/STM32F1xx_HAL_Driver/Src/stm32f1xx_hal_rcc.o
                0x08003f40                HAL_RCC_OscConfig
 .text.HAL_RCC_ClockConfig
                0x08004444      0x1d4 ./Drivers/STM32F1xx_HAL_Driver/Src/stm32f1xx_hal_rcc.o
                0x08004444                HAL_RCC_ClockConfig
 .text.HAL_RCC_GetSysClockFreq
                0x08004618       0xa8 ./Drivers/STM32F1xx_HAL_Driver/Src/stm32f1xx_hal_rcc.o
                0x08004618                HAL_RCC_GetSysClockFreq
 .text.HAL_RCC_GetHCLKFreq
                0x080046c0       0x14 ./Drivers/STM32F1xx_HAL_Driver/Src/stm32f1xx_hal_rcc.o
                0x080046c0                HAL_RCC_GetHCLKFreq
 .text.HAL_RCC_GetPCLK1Freq
                0x080046d4       0x28 ./Drivers/STM32F1xx_HAL_Driver/Src/stm32f1xx_hal_rcc.o
                0x080046d4                HAL_RCC_GetPCLK1Freq
 .text.HAL_RCC_GetPCLK2Freq
                0x080046fc       0x28 ./Drivers/STM32F1xx_HAL_Driver/Src/stm32f1xx_hal_rcc.o
                0x080046fc                HAL_RCC_GetPCLK2Freq
 .text.RCC_Delay
                0x08004724       0x3c ./Drivers/STM32F1xx_HAL_Driver/Src/stm32f1xx_hal_rcc.o
 .text.HAL_RCCEx_PeriphCLKConfig
                0x08004760      0x16c ./Drivers/STM32F1xx_HAL_Driver/Src/stm32f1xx_hal_rcc_ex.o
                0x08004760                HAL_RCCEx_PeriphCLKConfig
 .text.HAL_RCCEx_GetPeriphCLKFreq
                0x080048cc      0x16c ./Drivers/STM32F1xx_HAL_Driver/Src/stm32f1xx_hal_rcc_ex.o
                0x080048cc                HAL_RCCEx_GetPeriphCLKFreq
 .text.HAL_TIM_Base_Init
                0x08004a38       0x9e ./Drivers/STM32F1xx_HAL_Driver/Src/stm32f1xx_hal_tim.o
                0x08004a38                HAL_TIM_Base_Init
 *fill*         0x08004ad6        0x2 
 .text.HAL_TIM_Base_Start_IT
                0x08004ad8       0xa4 ./Drivers/STM32F1xx_HAL_Driver/Src/stm32f1xx_hal_tim.o
                0x08004ad8                HAL_TIM_Base_Start_IT
 .text.HAL_TIM_Base_Stop_IT
                0x08004b7c       0x5c ./Drivers/STM32F1xx_HAL_Driver/Src/stm32f1xx_hal_tim.o
                0x08004b7c                HAL_TIM_Base_Stop_IT
 .text.HAL_TIM_IC_Init
                0x08004bd8       0x9e ./Drivers/STM32F1xx_HAL_Driver/Src/stm32f1xx_hal_tim.o
                0x08004bd8                HAL_TIM_IC_Init
 *fill*         0x08004c76        0x2 
 .text.HAL_TIM_IC_Start_IT
                0x08004c78      0x218 ./Drivers/STM32F1xx_HAL_Driver/Src/stm32f1xx_hal_tim.o
                0x08004c78                HAL_TIM_IC_Start_IT
 .text.HAL_TIM_IRQHandler
                0x08004e90      0x1e0 ./Drivers/STM32F1xx_HAL_Driver/Src/stm32f1xx_hal_tim.o
                0x08004e90                HAL_TIM_IRQHandler
 .text.HAL_TIM_IC_ConfigChannel
                0x08005070      0x138 ./Drivers/STM32F1xx_HAL_Driver/Src/stm32f1xx_hal_tim.o
                0x08005070                HAL_TIM_IC_ConfigChannel
 .text.HAL_TIM_ConfigClockSource
                0x080051a8      0x18e ./Drivers/STM32F1xx_HAL_Driver/Src/stm32f1xx_hal_tim.o
                0x080051a8                HAL_TIM_ConfigClockSource
 .text.HAL_TIM_OC_DelayElapsedCallback
                0x08005336       0x12 ./Drivers/STM32F1xx_HAL_Driver/Src/stm32f1xx_hal_tim.o
                0x08005336                HAL_TIM_OC_DelayElapsedCallback
 .text.HAL_TIM_PWM_PulseFinishedCallback
                0x08005348       0x12 ./Drivers/STM32F1xx_HAL_Driver/Src/stm32f1xx_hal_tim.o
                0x08005348                HAL_TIM_PWM_PulseFinishedCallback
 .text.HAL_TIM_TriggerCallback
                0x0800535a       0x12 ./Drivers/STM32F1xx_HAL_Driver/Src/stm32f1xx_hal_tim.o
                0x0800535a                HAL_TIM_TriggerCallback
 .text.TIM_Base_SetConfig
                0x0800536c       0xdc ./Drivers/STM32F1xx_HAL_Driver/Src/stm32f1xx_hal_tim.o
                0x0800536c                TIM_Base_SetConfig
 .text.TIM_TI1_SetConfig
                0x08005448       0xb4 ./Drivers/STM32F1xx_HAL_Driver/Src/stm32f1xx_hal_tim.o
                0x08005448                TIM_TI1_SetConfig
 .text.TIM_TI1_ConfigInputStage
                0x080054fc       0x5c ./Drivers/STM32F1xx_HAL_Driver/Src/stm32f1xx_hal_tim.o
 .text.TIM_TI2_SetConfig
                0x08005558       0x78 ./Drivers/STM32F1xx_HAL_Driver/Src/stm32f1xx_hal_tim.o
 .text.TIM_TI2_ConfigInputStage
                0x080055d0       0x5e ./Drivers/STM32F1xx_HAL_Driver/Src/stm32f1xx_hal_tim.o
 .text.TIM_TI3_SetConfig
                0x0800562e       0x76 ./Drivers/STM32F1xx_HAL_Driver/Src/stm32f1xx_hal_tim.o
 .text.TIM_TI4_SetConfig
                0x080056a4       0x78 ./Drivers/STM32F1xx_HAL_Driver/Src/stm32f1xx_hal_tim.o
 .text.TIM_ITRx_SetConfig
                0x0800571c       0x34 ./Drivers/STM32F1xx_HAL_Driver/Src/stm32f1xx_hal_tim.o
 .text.TIM_ETR_SetConfig
                0x08005750       0x3e ./Drivers/STM32F1xx_HAL_Driver/Src/stm32f1xx_hal_tim.o
                0x08005750                TIM_ETR_SetConfig
 .text.TIM_CCxChannelCmd
                0x0800578e       0x48 ./Drivers/STM32F1xx_HAL_Driver/Src/stm32f1xx_hal_tim.o
                0x0800578e                TIM_CCxChannelCmd
 *fill*         0x080057d6        0x2 
 .text.HAL_TIMEx_MasterConfigSynchronization
                0x080057d8       0xbc ./Drivers/STM32F1xx_HAL_Driver/Src/stm32f1xx_hal_tim_ex.o
                0x080057d8                HAL_TIMEx_MasterConfigSynchronization
 .text.HAL_TIMEx_CommutCallback
                0x08005894       0x12 ./Drivers/STM32F1xx_HAL_Driver/Src/stm32f1xx_hal_tim_ex.o
                0x08005894                HAL_TIMEx_CommutCallback
 .text.HAL_TIMEx_BreakCallback
                0x080058a6       0x12 ./Drivers/STM32F1xx_HAL_Driver/Src/stm32f1xx_hal_tim_ex.o
                0x080058a6                HAL_TIMEx_BreakCallback
 .text.HAL_UART_Init
                0x080058b8       0xa0 ./Drivers/STM32F1xx_HAL_Driver/Src/stm32f1xx_hal_uart.o
                0x080058b8                HAL_UART_Init
 .text.HAL_UART_Transmit
                0x08005958      0x116 ./Drivers/STM32F1xx_HAL_Driver/Src/stm32f1xx_hal_uart.o
                0x08005958                HAL_UART_Transmit
 *fill*         0x08005a6e        0x2 
 .text.HAL_UART_IRQHandler
                0x08005a70      0x524 ./Drivers/STM32F1xx_HAL_Driver/Src/stm32f1xx_hal_uart.o
                0x08005a70                HAL_UART_IRQHandler
 .text.HAL_UART_TxCpltCallback
                0x08005f94       0x12 ./Drivers/STM32F1xx_HAL_Driver/Src/stm32f1xx_hal_uart.o
                0x08005f94                HAL_UART_TxCpltCallback
 .text.HAL_UART_RxCpltCallback
                0x08005fa6       0x12 ./Drivers/STM32F1xx_HAL_Driver/Src/stm32f1xx_hal_uart.o
                0x08005fa6                HAL_UART_RxCpltCallback
 .text.HAL_UART_ErrorCallback
                0x08005fb8       0x12 ./Drivers/STM32F1xx_HAL_Driver/Src/stm32f1xx_hal_uart.o
                0x08005fb8                HAL_UART_ErrorCallback
 .text.HAL_UARTEx_RxEventCallback
                0x08005fca       0x16 ./Drivers/STM32F1xx_HAL_Driver/Src/stm32f1xx_hal_uart.o
                0x08005fca                HAL_UARTEx_RxEventCallback
 .text.UART_WaitOnFlagUntilTimeout
                0x08005fe0       0xb2 ./Drivers/STM32F1xx_HAL_Driver/Src/stm32f1xx_hal_uart.o
 .text.UART_EndRxTransfer
                0x08006092       0xc4 ./Drivers/STM32F1xx_HAL_Driver/Src/stm32f1xx_hal_uart.o
 .text.UART_DMAAbortOnError
                0x08006156       0x28 ./Drivers/STM32F1xx_HAL_Driver/Src/stm32f1xx_hal_uart.o
 .text.UART_Transmit_IT
                0x0800617e       0x9e ./Drivers/STM32F1xx_HAL_Driver/Src/stm32f1xx_hal_uart.o
 .text.UART_EndTransmit_IT
                0x0800621c       0x30 ./Drivers/STM32F1xx_HAL_Driver/Src/stm32f1xx_hal_uart.o
 .text.UART_Receive_IT
                0x0800624c      0x17c ./Drivers/STM32F1xx_HAL_Driver/Src/stm32f1xx_hal_uart.o
 .text.UART_SetConfig
                0x080063c8      0x11c ./Drivers/STM32F1xx_HAL_Driver/Src/stm32f1xx_hal_uart.o
 .text.Nextion_AddComp
                0x080064e4       0x34 ./Nextion/Src/Nextion_prog.o
                0x080064e4                Nextion_AddComp
 .text.Nextion_SendCommand
                0x08006518       0x2c ./Nextion/Src/Nextion_prog.o
                0x08006518                Nextion_SendCommand
 .text.Nextion_EndCommand
                0x08006544       0x24 ./Nextion/Src/Nextion_prog.o
                0x08006544                Nextion_EndCommand
 .text.Nextion_SetText
                0x08006568       0x40 ./Nextion/Src/Nextion_prog.o
                0x08006568                Nextion_SetText
 .text.Nextion_SetVal
                0x080065a8       0x40 ./Nextion/Src/Nextion_prog.o
                0x080065a8                Nextion_SetVal
 .text.PROX_INIT
                0x080065e8       0x3c ./PROX/Src/PROX_prog.o
                0x080065e8                PROX_INIT
 .text.PROX_ResetVelocity
                0x08006624       0x40 ./PROX/Src/PROX_prog.o
                0x08006624                PROX_ResetVelocity
 *fill*         0x08006664        0x4 
 .text.PROX_ICUCallBack_ISR
                0x08006668      0x240 ./PROX/Src/PROX_prog.o
                0x08006668                PROX_ICUCallBack_ISR
 .text.sprintf  0x080068a8       0x40 C:/ST/STM32CubeIDE_1.16.1/STM32CubeIDE/plugins/com.st.stm32cube.ide.mcu.externaltools.gnu-tools-for-stm32.12.3.rel1.win32_1.0.200.202406191623/tools/bin/../lib/gcc/arm-none-eabi/12.3.1/../../../../arm-none-eabi/lib/thumb/v7-m/nofp\libc_nano.a(libc_a-sprintf.o)
                0x080068a8                siprintf
                0x080068a8                sprintf
 .text.memset   0x080068e8       0x10 C:/ST/STM32CubeIDE_1.16.1/STM32CubeIDE/plugins/com.st.stm32cube.ide.mcu.externaltools.gnu-tools-for-stm32.12.3.rel1.win32_1.0.200.202406191623/tools/bin/../lib/gcc/arm-none-eabi/12.3.1/../../../../arm-none-eabi/lib/thumb/v7-m/nofp\libc_nano.a(libc_a-memset.o)
                0x080068e8                memset
 .text.__errno  0x080068f8        0xc C:/ST/STM32CubeIDE_1.16.1/STM32CubeIDE/plugins/com.st.stm32cube.ide.mcu.externaltools.gnu-tools-for-stm32.12.3.rel1.win32_1.0.200.202406191623/tools/bin/../lib/gcc/arm-none-eabi/12.3.1/../../../../arm-none-eabi/lib/thumb/v7-m/nofp\libc_nano.a(libc_a-errno.o)
                0x080068f8                __errno
 .text.__libc_init_array
                0x08006904       0x48 C:/ST/STM32CubeIDE_1.16.1/STM32CubeIDE/plugins/com.st.stm32cube.ide.mcu.externaltools.gnu-tools-for-stm32.12.3.rel1.win32_1.0.200.202406191623/tools/bin/../lib/gcc/arm-none-eabi/12.3.1/../../../../arm-none-eabi/lib/thumb/v7-m/nofp\libc_nano.a(libc_a-init.o)
                0x08006904                __libc_init_array
 .text.__retarget_lock_acquire_recursive
                0x0800694c        0x2 C:/ST/STM32CubeIDE_1.16.1/STM32CubeIDE/plugins/com.st.stm32cube.ide.mcu.externaltools.gnu-tools-for-stm32.12.3.rel1.win32_1.0.200.202406191623/tools/bin/../lib/gcc/arm-none-eabi/12.3.1/../../../../arm-none-eabi/lib/thumb/v7-m/nofp\libc_nano.a(libc_a-lock.o)
                0x0800694c                __retarget_lock_acquire_recursive
 .text.__retarget_lock_release_recursive
                0x0800694e        0x2 C:/ST/STM32CubeIDE_1.16.1/STM32CubeIDE/plugins/com.st.stm32cube.ide.mcu.externaltools.gnu-tools-for-stm32.12.3.rel1.win32_1.0.200.202406191623/tools/bin/../lib/gcc/arm-none-eabi/12.3.1/../../../../arm-none-eabi/lib/thumb/v7-m/nofp\libc_nano.a(libc_a-lock.o)
                0x0800694e                __retarget_lock_release_recursive
 .text.strcpy   0x08006950       0x10 C:/ST/STM32CubeIDE_1.16.1/STM32CubeIDE/plugins/com.st.stm32cube.ide.mcu.externaltools.gnu-tools-for-stm32.12.3.rel1.win32_1.0.200.202406191623/tools/bin/../lib/gcc/arm-none-eabi/12.3.1/../../../../arm-none-eabi/lib/thumb/v7-m/nofp\libc_nano.a(libc_a-strcpy.o)
                0x08006950                strcpy
 .text._free_r  0x08006960       0x90 C:/ST/STM32CubeIDE_1.16.1/STM32CubeIDE/plugins/com.st.stm32cube.ide.mcu.externaltools.gnu-tools-for-stm32.12.3.rel1.win32_1.0.200.202406191623/tools/bin/../lib/gcc/arm-none-eabi/12.3.1/../../../../arm-none-eabi/lib/thumb/v7-m/nofp\libc_nano.a(libc_a-freer.o)
                0x08006960                _free_r
 .text.sbrk_aligned
                0x080069f0       0x44 C:/ST/STM32CubeIDE_1.16.1/STM32CubeIDE/plugins/com.st.stm32cube.ide.mcu.externaltools.gnu-tools-for-stm32.12.3.rel1.win32_1.0.200.202406191623/tools/bin/../lib/gcc/arm-none-eabi/12.3.1/../../../../arm-none-eabi/lib/thumb/v7-m/nofp\libc_nano.a(libc_a-mallocr.o)
 .text._malloc_r
                0x08006a34      0x100 C:/ST/STM32CubeIDE_1.16.1/STM32CubeIDE/plugins/com.st.stm32cube.ide.mcu.externaltools.gnu-tools-for-stm32.12.3.rel1.win32_1.0.200.202406191623/tools/bin/../lib/gcc/arm-none-eabi/12.3.1/../../../../arm-none-eabi/lib/thumb/v7-m/nofp\libc_nano.a(libc_a-mallocr.o)
                0x08006a34                _malloc_r
 .text.__malloc_lock
                0x08006b34        0xc C:/ST/STM32CubeIDE_1.16.1/STM32CubeIDE/plugins/com.st.stm32cube.ide.mcu.externaltools.gnu-tools-for-stm32.12.3.rel1.win32_1.0.200.202406191623/tools/bin/../lib/gcc/arm-none-eabi/12.3.1/../../../../arm-none-eabi/lib/thumb/v7-m/nofp\libc_nano.a(libc_a-mlock.o)
                0x08006b34                __malloc_lock
 .text.__malloc_unlock
                0x08006b40        0xc C:/ST/STM32CubeIDE_1.16.1/STM32CubeIDE/plugins/com.st.stm32cube.ide.mcu.externaltools.gnu-tools-for-stm32.12.3.rel1.win32_1.0.200.202406191623/tools/bin/../lib/gcc/arm-none-eabi/12.3.1/../../../../arm-none-eabi/lib/thumb/v7-m/nofp\libc_nano.a(libc_a-mlock.o)
                0x08006b40                __malloc_unlock
 .text.__ssputs_r
                0x08006b4c       0xb6 C:/ST/STM32CubeIDE_1.16.1/STM32CubeIDE/plugins/com.st.stm32cube.ide.mcu.externaltools.gnu-tools-for-stm32.12.3.rel1.win32_1.0.200.202406191623/tools/bin/../lib/gcc/arm-none-eabi/12.3.1/../../../../arm-none-eabi/lib/thumb/v7-m/nofp\libc_nano.a(libc_a-nano-svfprintf.o)
                0x08006b4c                __ssputs_r
 *fill*         0x08006c02        0x2 
 .text._svfprintf_r
                0x08006c04      0x1f8 C:/ST/STM32CubeIDE_1.16.1/STM32CubeIDE/plugins/com.st.stm32cube.ide.mcu.externaltools.gnu-tools-for-stm32.12.3.rel1.win32_1.0.200.202406191623/tools/bin/../lib/gcc/arm-none-eabi/12.3.1/../../../../arm-none-eabi/lib/thumb/v7-m/nofp\libc_nano.a(libc_a-nano-svfprintf.o)
                0x08006c04                _svfiprintf_r
                0x08006c04                _svfprintf_r
 .text._printf_common
                0x08006dfc       0xe4 C:/ST/STM32CubeIDE_1.16.1/STM32CubeIDE/plugins/com.st.stm32cube.ide.mcu.externaltools.gnu-tools-for-stm32.12.3.rel1.win32_1.0.200.202406191623/tools/bin/../lib/gcc/arm-none-eabi/12.3.1/../../../../arm-none-eabi/lib/thumb/v7-m/nofp\libc_nano.a(libc_a-nano-vfprintf_i.o)
                0x08006dfc                _printf_common
 .text._printf_i
                0x08006ee0      0x240 C:/ST/STM32CubeIDE_1.16.1/STM32CubeIDE/plugins/com.st.stm32cube.ide.mcu.externaltools.gnu-tools-for-stm32.12.3.rel1.win32_1.0.200.202406191623/tools/bin/../lib/gcc/arm-none-eabi/12.3.1/../../../../arm-none-eabi/lib/thumb/v7-m/nofp\libc_nano.a(libc_a-nano-vfprintf_i.o)
                0x08006ee0                _printf_i
 .text.memmove  0x08007120       0x34 C:/ST/STM32CubeIDE_1.16.1/STM32CubeIDE/plugins/com.st.stm32cube.ide.mcu.externaltools.gnu-tools-for-stm32.12.3.rel1.win32_1.0.200.202406191623/tools/bin/../lib/gcc/arm-none-eabi/12.3.1/../../../../arm-none-eabi/lib/thumb/v7-m/nofp\libc_nano.a(libc_a-memmove.o)
                0x08007120                memmove
 .text._sbrk_r  0x08007154       0x20 C:/ST/STM32CubeIDE_1.16.1/STM32CubeIDE/plugins/com.st.stm32cube.ide.mcu.externaltools.gnu-tools-for-stm32.12.3.rel1.win32_1.0.200.202406191623/tools/bin/../lib/gcc/arm-none-eabi/12.3.1/../../../../arm-none-eabi/lib/thumb/v7-m/nofp\libc_nano.a(libc_a-sbrkr.o)
                0x08007154                _sbrk_r
 .text.memchr   0x08007174       0x1c C:/ST/STM32CubeIDE_1.16.1/STM32CubeIDE/plugins/com.st.stm32cube.ide.mcu.externaltools.gnu-tools-for-stm32.12.3.rel1.win32_1.0.200.202406191623/tools/bin/../lib/gcc/arm-none-eabi/12.3.1/../../../../arm-none-eabi/lib/thumb/v7-m/nofp\libc_nano.a(libc_a-memchr-stub.o)
                0x08007174                memchr
 .text.memcpy   0x08007190       0x1c C:/ST/STM32CubeIDE_1.16.1/STM32CubeIDE/plugins/com.st.stm32cube.ide.mcu.externaltools.gnu-tools-for-stm32.12.3.rel1.win32_1.0.200.202406191623/tools/bin/../lib/gcc/arm-none-eabi/12.3.1/../../../../arm-none-eabi/lib/thumb/v7-m/nofp\libc_nano.a(libc_a-memcpy-stub.o)
                0x08007190                memcpy
 .text._realloc_r
                0x080071ac       0x5c C:/ST/STM32CubeIDE_1.16.1/STM32CubeIDE/plugins/com.st.stm32cube.ide.mcu.externaltools.gnu-tools-for-stm32.12.3.rel1.win32_1.0.200.202406191623/tools/bin/../lib/gcc/arm-none-eabi/12.3.1/../../../../arm-none-eabi/lib/thumb/v7-m/nofp\libc_nano.a(libc_a-reallocr.o)
                0x080071ac                _realloc_r
 .text._malloc_usable_size_r
                0x08007208       0x10 C:/ST/STM32CubeIDE_1.16.1/STM32CubeIDE/plugins/com.st.stm32cube.ide.mcu.externaltools.gnu-tools-for-stm32.12.3.rel1.win32_1.0.200.202406191623/tools/bin/../lib/gcc/arm-none-eabi/12.3.1/../../../../arm-none-eabi/lib/thumb/v7-m/nofp\libc_nano.a(libc_a-msizer.o)
                0x08007208                _malloc_usable_size_r
 *(.glue_7)
 .glue_7        0x08007218        0x0 linker stubs
 *(.glue_7t)
 .glue_7t       0x08007218        0x0 linker stubs
 *(.eh_frame)
 .eh_frame      0x08007218        0x0 C:/ST/STM32CubeIDE_1.16.1/STM32CubeIDE/plugins/com.st.stm32cube.ide.mcu.externaltools.gnu-tools-for-stm32.12.3.rel1.win32_1.0.200.202406191623/tools/bin/../lib/gcc/arm-none-eabi/12.3.1/thumb/v7-m/nofp/crtbegin.o
 *(.init)
 .init          0x08007218        0x4 C:/ST/STM32CubeIDE_1.16.1/STM32CubeIDE/plugins/com.st.stm32cube.ide.mcu.externaltools.gnu-tools-for-stm32.12.3.rel1.win32_1.0.200.202406191623/tools/bin/../lib/gcc/arm-none-eabi/12.3.1/thumb/v7-m/nofp/crti.o
                0x08007218                _init
 .init          0x0800721c        0x8 C:/ST/STM32CubeIDE_1.16.1/STM32CubeIDE/plugins/com.st.stm32cube.ide.mcu.externaltools.gnu-tools-for-stm32.12.3.rel1.win32_1.0.200.202406191623/tools/bin/../lib/gcc/arm-none-eabi/12.3.1/thumb/v7-m/nofp/crtn.o
 *(.fini)
 .fini          0x08007224        0x4 C:/ST/STM32CubeIDE_1.16.1/STM32CubeIDE/plugins/com.st.stm32cube.ide.mcu.externaltools.gnu-tools-for-stm32.12.3.rel1.win32_1.0.200.202406191623/tools/bin/../lib/gcc/arm-none-eabi/12.3.1/thumb/v7-m/nofp/crti.o
                0x08007224                _fini
 .fini          0x08007228        0x8 C:/ST/STM32CubeIDE_1.16.1/STM32CubeIDE/plugins/com.st.stm32cube.ide.mcu.externaltools.gnu-tools-for-stm32.12.3.rel1.win32_1.0.200.202406191623/tools/bin/../lib/gcc/arm-none-eabi/12.3.1/thumb/v7-m/nofp/crtn.o
                0x08007230                        . = ALIGN (0x4)
                0x08007230                        _etext = .

.vfp11_veneer   0x08007230        0x0
 .vfp11_veneer  0x08007230        0x0 linker stubs

.v4_bx          0x08007230        0x0
 .v4_bx         0x08007230        0x0 linker stubs

.iplt           0x08007230        0x0
 .iplt          0x08007230        0x0 C:/ST/STM32CubeIDE_1.16.1/STM32CubeIDE/plugins/com.st.stm32cube.ide.mcu.externaltools.gnu-tools-for-stm32.12.3.rel1.win32_1.0.200.202406191623/tools/bin/../lib/gcc/arm-none-eabi/12.3.1/thumb/v7-m/nofp/crtbegin.o

.rodata         0x08007230      0x13c
                0x08007230                        . = ALIGN (0x4)
 *(.rodata)
 .rodata        0x08007230       0x9a ./Dashboard/Src/Dashboard_prog.o
 *fill*         0x080072ca        0x2 
 .rodata        0x080072cc       0x17 ./Nextion/Src/Nextion_prog.o
 *fill*         0x080072e3        0x1 
 .rodata        0x080072e4       0x12 ./PROX/Src/PROX_prog.o
 *(.rodata*)
 *fill*         0x080072f6        0x2 
 .rodata.AHBPrescTable
                0x080072f8       0x10 ./Core/Src/system_stm32f1xx.o
                0x080072f8                AHBPrescTable
 .rodata.APBPrescTable
                0x08007308        0x8 ./Core/Src/system_stm32f1xx.o
                0x08007308                APBPrescTable
 .rodata.aPLLMULFactorTable.1
                0x08007310       0x10 ./Drivers/STM32F1xx_HAL_Driver/Src/stm32f1xx_hal_rcc.o
 .rodata.aPredivFactorTable.0
                0x08007320        0x2 ./Drivers/STM32F1xx_HAL_Driver/Src/stm32f1xx_hal_rcc.o
 *fill*         0x08007322        0x2 
 .rodata.aPLLMULFactorTable.1
                0x08007324       0x10 ./Drivers/STM32F1xx_HAL_Driver/Src/stm32f1xx_hal_rcc_ex.o
 .rodata.aPredivFactorTable.0
                0x08007334        0x2 ./Drivers/STM32F1xx_HAL_Driver/Src/stm32f1xx_hal_rcc_ex.o
 .rodata._svfprintf_r.str1.1
                0x08007336       0x11 C:/ST/STM32CubeIDE_1.16.1/STM32CubeIDE/plugins/com.st.stm32cube.ide.mcu.externaltools.gnu-tools-for-stm32.12.3.rel1.win32_1.0.200.202406191623/tools/bin/../lib/gcc/arm-none-eabi/12.3.1/../../../../arm-none-eabi/lib/thumb/v7-m/nofp\libc_nano.a(libc_a-nano-svfprintf.o)
 .rodata._printf_i.str1.1
                0x08007347       0x22 C:/ST/STM32CubeIDE_1.16.1/STM32CubeIDE/plugins/com.st.stm32cube.ide.mcu.externaltools.gnu-tools-for-stm32.12.3.rel1.win32_1.0.200.202406191623/tools/bin/../lib/gcc/arm-none-eabi/12.3.1/../../../../arm-none-eabi/lib/thumb/v7-m/nofp\libc_nano.a(libc_a-nano-vfprintf_i.o)
                0x0800736c                        . = ALIGN (0x4)
 *fill*         0x08007369        0x3 

.ARM.extab      0x0800736c        0x0
                0x0800736c                        . = ALIGN (0x4)
 *(.ARM.extab* .gnu.linkonce.armextab.*)
                0x0800736c                        . = ALIGN (0x4)

.ARM            0x0800736c        0x0
                0x0800736c                        . = ALIGN (0x4)
                0x0800736c                        __exidx_start = .
 *(.ARM.exidx*)
                0x0800736c                        __exidx_end = .
                0x0800736c                        . = ALIGN (0x4)

.preinit_array  0x0800736c        0x0
                0x0800736c                        . = ALIGN (0x4)
                0x0800736c                        PROVIDE (__preinit_array_start = .)
 *(.preinit_array*)
                0x0800736c                        PROVIDE (__preinit_array_end = .)
                0x0800736c                        . = ALIGN (0x4)

.init_array     0x0800736c        0x4
                0x0800736c                        . = ALIGN (0x4)
                0x0800736c                        PROVIDE (__init_array_start = .)
 *(SORT_BY_NAME(.init_array.*))
 *(.init_array*)
 .init_array    0x0800736c        0x4 C:/ST/STM32CubeIDE_1.16.1/STM32CubeIDE/plugins/com.st.stm32cube.ide.mcu.externaltools.gnu-tools-for-stm32.12.3.rel1.win32_1.0.200.202406191623/tools/bin/../lib/gcc/arm-none-eabi/12.3.1/thumb/v7-m/nofp/crtbegin.o
                0x08007370                        PROVIDE (__init_array_end = .)
                0x08007370                        . = ALIGN (0x4)

.fini_array     0x08007370        0x4
                0x08007370                        . = ALIGN (0x4)
                [!provide]                        PROVIDE (__fini_array_start = .)
 *(SORT_BY_NAME(.fini_array.*))
 *(.fini_array*)
 .fini_array    0x08007370        0x4 C:/ST/STM32CubeIDE_1.16.1/STM32CubeIDE/plugins/com.st.stm32cube.ide.mcu.externaltools.gnu-tools-for-stm32.12.3.rel1.win32_1.0.200.202406191623/tools/bin/../lib/gcc/arm-none-eabi/12.3.1/thumb/v7-m/nofp/crtbegin.o
                [!provide]                        PROVIDE (__fini_array_end = .)
                0x08007374                        . = ALIGN (0x4)
                0x08007374                        _sidata = LOADADDR (.data)

.rel.dyn        0x08007374        0x0
 .rel.iplt      0x08007374        0x0 C:/ST/STM32CubeIDE_1.16.1/STM32CubeIDE/plugins/com.st.stm32cube.ide.mcu.externaltools.gnu-tools-for-stm32.12.3.rel1.win32_1.0.200.202406191623/tools/bin/../lib/gcc/arm-none-eabi/12.3.1/thumb/v7-m/nofp/crtbegin.o

.data           0x20000000       0x64 load address 0x08007374
                0x20000000                        . = ALIGN (0x4)
                0x20000000                        _sdata = .
 *(.data)
 *(.data*)
 .data.SystemCoreClock
                0x20000000        0x4 ./Core/Src/system_stm32f1xx.o
                0x20000000                SystemCoreClock
 .data.StopWatch_State
                0x20000004        0x1 ./Dashboard/Src/Dashboard_prog.o
                0x20000004                StopWatch_State
 *fill*         0x20000005        0x3 
 .data.uwTickPrio
                0x20000008        0x4 ./Drivers/STM32F1xx_HAL_Driver/Src/stm32f1xx_hal.o
                0x20000008                uwTickPrio
 .data.uwTickFreq
                0x2000000c        0x1 ./Drivers/STM32F1xx_HAL_Driver/Src/stm32f1xx_hal.o
                0x2000000c                uwTickFreq
 *fill*         0x2000000d        0x3 
 .data.END      0x20000010        0x3 ./Nextion/Src/Nextion_prog.o
                0x20000010                END
 *fill*         0x20000013        0x1 
 .data._impure_ptr
                0x20000014        0x4 C:/ST/STM32CubeIDE_1.16.1/STM32CubeIDE/plugins/com.st.stm32cube.ide.mcu.externaltools.gnu-tools-for-stm32.12.3.rel1.win32_1.0.200.202406191623/tools/bin/../lib/gcc/arm-none-eabi/12.3.1/../../../../arm-none-eabi/lib/thumb/v7-m/nofp\libc_nano.a(libc_a-impure.o)
                0x20000014                _impure_ptr
 .data._impure_data
                0x20000018       0x4c C:/ST/STM32CubeIDE_1.16.1/STM32CubeIDE/plugins/com.st.stm32cube.ide.mcu.externaltools.gnu-tools-for-stm32.12.3.rel1.win32_1.0.200.202406191623/tools/bin/../lib/gcc/arm-none-eabi/12.3.1/../../../../arm-none-eabi/lib/thumb/v7-m/nofp\libc_nano.a(libc_a-impure.o)
                0x20000018                _impure_data
 *(.RamFunc)
 *(.RamFunc*)
                0x20000064                        . = ALIGN (0x4)
                0x20000064                        _edata = .

.igot.plt       0x20000064        0x0 load address 0x080073d8
 .igot.plt      0x20000064        0x0 C:/ST/STM32CubeIDE_1.16.1/STM32CubeIDE/plugins/com.st.stm32cube.ide.mcu.externaltools.gnu-tools-for-stm32.12.3.rel1.win32_1.0.200.202406191623/tools/bin/../lib/gcc/arm-none-eabi/12.3.1/thumb/v7-m/nofp/crtbegin.o
                0x20000064                        . = ALIGN (0x4)

.bss            0x20000068      0x5e8 load address 0x080073d8
                0x20000068                        _sbss = .
                0x20000068                        __bss_start__ = _sbss
 *(.bss)
 .bss           0x20000068       0x1c C:/ST/STM32CubeIDE_1.16.1/STM32CubeIDE/plugins/com.st.stm32cube.ide.mcu.externaltools.gnu-tools-for-stm32.12.3.rel1.win32_1.0.200.202406191623/tools/bin/../lib/gcc/arm-none-eabi/12.3.1/thumb/v7-m/nofp/crtbegin.o
 *(.bss*)
 .bss.hadc1     0x20000084       0x30 ./Core/Src/main.o
                0x20000084                hadc1
 .bss.hcan      0x200000b4       0x28 ./Core/Src/main.o
                0x200000b4                hcan
 .bss.htim1     0x200000dc       0x48 ./Core/Src/main.o
                0x200000dc                htim1
 .bss.htim2     0x20000124       0x48 ./Core/Src/main.o
                0x20000124                htim2
 .bss.htim3     0x2000016c       0x48 ./Core/Src/main.o
                0x2000016c                htim3
 .bss.htim4     0x200001b4       0x48 ./Core/Src/main.o
                0x200001b4                htim4
 .bss.huart1    0x200001fc       0x48 ./Core/Src/main.o
                0x200001fc                huart1
 .bss.Global_u32Variable_Overflow_Counter
                0x20000244        0x4 ./Core/Src/main.o
                0x20000244                Global_u32Variable_Overflow_Counter
 .bss.adc_value
                0x20000248        0x2 ./Core/Src/main.o
                0x20000248                adc_value
 *fill*         0x2000024a        0x2 
 .bss.__sbrk_heap_end
                0x2000024c        0x4 ./Core/Src/sysmem.o
 .bss.Lap_Time  0x20000250       0x1f ./Dashboard/Src/Dashboard_prog.o
                0x20000250                Lap_Time
 *fill*         0x2000026f        0x1 
 .bss.Last_Lap  0x20000270       0x1f ./Dashboard/Src/Dashboard_prog.o
                0x20000270                Last_Lap
 *fill*         0x2000028f        0x1 
 .bss.Best_Lap  0x20000290       0x1f ./Dashboard/Src/Dashboard_prog.o
                0x20000290                Best_Lap
 *fill*         0x200002af        0x1 
 .bss.ERPM_Slider
                0x200002b0       0x1f ./Dashboard/Src/Dashboard_prog.o
                0x200002b0                ERPM_Slider
 *fill*         0x200002cf        0x1 
 .bss.Temp_Slider
                0x200002d0       0x1f ./Dashboard/Src/Dashboard_prog.o
                0x200002d0                Temp_Slider
 *fill*         0x200002ef        0x1 
 .bss.Throttle_Slider
                0x200002f0       0x1f ./Dashboard/Src/Dashboard_prog.o
                0x200002f0                Throttle_Slider
 *fill*         0x2000030f        0x1 
 .bss.Brake_Slider
                0x20000310       0x1f ./Dashboard/Src/Dashboard_prog.o
                0x20000310                Brake_Slider
 *fill*         0x2000032f        0x1 
 .bss.Battery_Perc
                0x20000330       0x1f ./Dashboard/Src/Dashboard_prog.o
                0x20000330                Battery_Perc
 *fill*         0x2000034f        0x1 
 .bss.Lap_Timer
                0x20000350       0x14 ./Dashboard/Src/Dashboard_prog.o
                0x20000350                Lap_Timer
 .bss.Global_u8Array_Tx_Buffer
                0x20000364       0x1e ./Dashboard/Src/Dashboard_prog.o
                0x20000364                Global_u8Array_Tx_Buffer
 *fill*         0x20000382        0x2 
 .bss.Global_u8Array_Tx_BestLap_Buffer
                0x20000384       0x1e ./Dashboard/Src/Dashboard_prog.o
                0x20000384                Global_u8Array_Tx_BestLap_Buffer
 .bss.BestLap_Flag
                0x200003a2        0x1 ./Dashboard/Src/Dashboard_prog.o
                0x200003a2                BestLap_Flag
 *fill*         0x200003a3        0x1 
 .bss.BestLap_Centi_Sec
                0x200003a4        0x4 ./Dashboard/Src/Dashboard_prog.o
                0x200003a4                BestLap_Centi_Sec
 .bss.CANRxHeader
                0x200003a8       0x1c ./Dashboard/Src/Dashboard_prog.o
                0x200003a8                CANRxHeader
 .bss.Received_CAN_Message
                0x200003c4        0x8 ./Dashboard/Src/Dashboard_prog.o
                0x200003c4                Received_CAN_Message
 .bss.ERPM_Val  0x200003cc        0x4 ./Dashboard/Src/Dashboard_prog.o
                0x200003cc                ERPM_Val
 .bss.MotorTemp_Val
                0x200003d0        0x2 ./Dashboard/Src/Dashboard_prog.o
                0x200003d0                MotorTemp_Val
 .bss.Thrott_Pos
                0x200003d2        0x1 ./Dashboard/Src/Dashboard_prog.o
                0x200003d2                Thrott_Pos
 .bss.Brake_Pos
                0x200003d3        0x1 ./Dashboard/Src/Dashboard_prog.o
                0x200003d3                Brake_Pos
 .bss.Battery   0x200003d4        0x2 ./Dashboard/Src/Dashboard_prog.o
                0x200003d4                Battery
 .bss.Batt_int  0x200003d6        0x1 ./Dashboard/Src/Dashboard_prog.o
                0x200003d6                Batt_int
 .bss.Batt_Deci
                0x200003d7        0x1 ./Dashboard/Src/Dashboard_prog.o
                0x200003d7                Batt_Deci
 .bss.test_Buffer
                0x200003d8       0x1e ./Dashboard/Src/Dashboard_prog.o
                0x200003d8                test_Buffer
 *fill*         0x200003f6        0x2 
 .bss.uwTick    0x200003f8        0x4 ./Drivers/STM32F1xx_HAL_Driver/Src/stm32f1xx_hal.o
                0x200003f8                uwTick
 .bss.TransmitBuffer
                0x200003fc       0x46 ./Nextion/Src/Nextion_prog.o
                0x200003fc                TransmitBuffer
 .bss.TransmitBufferLength
                0x20000442        0x2 ./Nextion/Src/Nextion_prog.o
                0x20000442                TransmitBufferLength
 *fill*         0x20000444        0x4 
 .bss.Wheel_Velocity
                0x20000448       0xa0 ./PROX/Src/PROX_prog.o
                0x20000448                Wheel_Velocity
 .bss.PROX      0x200004e8       0x1f ./PROX/Src/PROX_prog.o
                0x200004e8                PROX
 .bss.velocity  0x20000507        0x1 ./PROX/Src/PROX_prog.o
                0x20000507                velocity
 .bss.__sf      0x20000508      0x138 C:/ST/STM32CubeIDE_1.16.1/STM32CubeIDE/plugins/com.st.stm32cube.ide.mcu.externaltools.gnu-tools-for-stm32.12.3.rel1.win32_1.0.200.202406191623/tools/bin/../lib/gcc/arm-none-eabi/12.3.1/../../../../arm-none-eabi/lib/thumb/v7-m/nofp\libc_nano.a(libc_a-findfp.o)
                0x20000508                __sf
 .bss.errno     0x20000640        0x4 C:/ST/STM32CubeIDE_1.16.1/STM32CubeIDE/plugins/com.st.stm32cube.ide.mcu.externaltools.gnu-tools-for-stm32.12.3.rel1.win32_1.0.200.202406191623/tools/bin/../lib/gcc/arm-none-eabi/12.3.1/../../../../arm-none-eabi/lib/thumb/v7-m/nofp\libc_nano.a(libc_a-reent.o)
                0x20000640                errno
 .bss.__lock___malloc_recursive_mutex
                0x20000644        0x1 C:/ST/STM32CubeIDE_1.16.1/STM32CubeIDE/plugins/com.st.stm32cube.ide.mcu.externaltools.gnu-tools-for-stm32.12.3.rel1.win32_1.0.200.202406191623/tools/bin/../lib/gcc/arm-none-eabi/12.3.1/../../../../arm-none-eabi/lib/thumb/v7-m/nofp\libc_nano.a(libc_a-lock.o)
                0x20000644                __lock___malloc_recursive_mutex
 *fill*         0x20000645        0x3 
 .bss.__malloc_sbrk_start
                0x20000648        0x4 C:/ST/STM32CubeIDE_1.16.1/STM32CubeIDE/plugins/com.st.stm32cube.ide.mcu.externaltools.gnu-tools-for-stm32.12.3.rel1.win32_1.0.200.202406191623/tools/bin/../lib/gcc/arm-none-eabi/12.3.1/../../../../arm-none-eabi/lib/thumb/v7-m/nofp\libc_nano.a(libc_a-mallocr.o)
                0x20000648                __malloc_sbrk_start
 .bss.__malloc_free_list
                0x2000064c        0x4 C:/ST/STM32CubeIDE_1.16.1/STM32CubeIDE/plugins/com.st.stm32cube.ide.mcu.externaltools.gnu-tools-for-stm32.12.3.rel1.win32_1.0.200.202406191623/tools/bin/../lib/gcc/arm-none-eabi/12.3.1/../../../../arm-none-eabi/lib/thumb/v7-m/nofp\libc_nano.a(libc_a-mallocr.o)
                0x2000064c                __malloc_free_list
 *(COMMON)
                0x20000650                        . = ALIGN (0x4)
                0x20000650                        _ebss = .
                0x20000650                        __bss_end__ = _ebss

._user_heap_stack
                0x20000650      0x600 load address 0x080073d8
                0x20000650                        . = ALIGN (0x8)
                [!provide]                        PROVIDE (end = .)
                0x20000650                        PROVIDE (_end = .)
                0x20000850                        . = (. + _Min_Heap_Size)
 *fill*         0x20000650      0x200 
                0x20000c50                        . = (. + _Min_Stack_Size)
 *fill*         0x20000850      0x400 
                0x20000c50                        . = ALIGN (0x8)

/DISCARD/
 libc.a(*)
 libm.a(*)
 libgcc.a(*)

.ARM.attributes
                0x00000000       0x29
 *(.ARM.attributes)
 .ARM.attributes
                0x00000000       0x1d C:/ST/STM32CubeIDE_1.16.1/STM32CubeIDE/plugins/com.st.stm32cube.ide.mcu.externaltools.gnu-tools-for-stm32.12.3.rel1.win32_1.0.200.202406191623/tools/bin/../lib/gcc/arm-none-eabi/12.3.1/thumb/v7-m/nofp/crti.o
 .ARM.attributes
                0x0000001d       0x2d C:/ST/STM32CubeIDE_1.16.1/STM32CubeIDE/plugins/com.st.stm32cube.ide.mcu.externaltools.gnu-tools-for-stm32.12.3.rel1.win32_1.0.200.202406191623/tools/bin/../lib/gcc/arm-none-eabi/12.3.1/thumb/v7-m/nofp/crtbegin.o
 .ARM.attributes
                0x0000004a       0x2d ./Core/Src/main.o
 .ARM.attributes
                0x00000077       0x2d ./Core/Src/stm32f1xx_hal_msp.o
 .ARM.attributes
                0x000000a4       0x2d ./Core/Src/stm32f1xx_it.o
 .ARM.attributes
                0x000000d1       0x2d ./Core/Src/sysmem.o
 .ARM.attributes
                0x000000fe       0x2d ./Core/Src/system_stm32f1xx.o
 .ARM.attributes
                0x0000012b       0x21 ./Core/Startup/startup_stm32f103c8tx.o
 .ARM.attributes
                0x0000014c       0x2d ./Dashboard/Src/Dashboard_prog.o
 .ARM.attributes
                0x00000179       0x2d ./Drivers/STM32F1xx_HAL_Driver/Src/stm32f1xx_hal.o
 .ARM.attributes
                0x000001a6       0x2d ./Drivers/STM32F1xx_HAL_Driver/Src/stm32f1xx_hal_adc.o
 .ARM.attributes
                0x000001d3       0x2d ./Drivers/STM32F1xx_HAL_Driver/Src/stm32f1xx_hal_can.o
 .ARM.attributes
                0x00000200       0x2d ./Drivers/STM32F1xx_HAL_Driver/Src/stm32f1xx_hal_cortex.o
 .ARM.attributes
                0x0000022d       0x2d ./Drivers/STM32F1xx_HAL_Driver/Src/stm32f1xx_hal_dma.o
 .ARM.attributes
                0x0000025a       0x2d ./Drivers/STM32F1xx_HAL_Driver/Src/stm32f1xx_hal_gpio.o
 .ARM.attributes
                0x00000287       0x2d ./Drivers/STM32F1xx_HAL_Driver/Src/stm32f1xx_hal_rcc.o
 .ARM.attributes
                0x000002b4       0x2d ./Drivers/STM32F1xx_HAL_Driver/Src/stm32f1xx_hal_rcc_ex.o
 .ARM.attributes
                0x000002e1       0x2d ./Drivers/STM32F1xx_HAL_Driver/Src/stm32f1xx_hal_tim.o
 .ARM.attributes
                0x0000030e       0x2d ./Drivers/STM32F1xx_HAL_Driver/Src/stm32f1xx_hal_tim_ex.o
 .ARM.attributes
                0x0000033b       0x2d ./Drivers/STM32F1xx_HAL_Driver/Src/stm32f1xx_hal_uart.o
 .ARM.attributes
                0x00000368       0x2d ./Nextion/Src/Nextion_prog.o
 .ARM.attributes
                0x00000395       0x2d ./PROX/Src/PROX_prog.o
 .ARM.attributes
                0x000003c2       0x2d C:/ST/STM32CubeIDE_1.16.1/STM32CubeIDE/plugins/com.st.stm32cube.ide.mcu.externaltools.gnu-tools-for-stm32.12.3.rel1.win32_1.0.200.202406191623/tools/bin/../lib/gcc/arm-none-eabi/12.3.1/../../../../arm-none-eabi/lib/thumb/v7-m/nofp\libc_nano.a(libc_a-findfp.o)
 .ARM.attributes
                0x000003ef       0x2d C:/ST/STM32CubeIDE_1.16.1/STM32CubeIDE/plugins/com.st.stm32cube.ide.mcu.externaltools.gnu-tools-for-stm32.12.3.rel1.win32_1.0.200.202406191623/tools/bin/../lib/gcc/arm-none-eabi/12.3.1/../../../../arm-none-eabi/lib/thumb/v7-m/nofp\libc_nano.a(libc_a-sprintf.o)
 .ARM.attributes
                0x0000041c       0x2d C:/ST/STM32CubeIDE_1.16.1/STM32CubeIDE/plugins/com.st.stm32cube.ide.mcu.externaltools.gnu-tools-for-stm32.12.3.rel1.win32_1.0.200.202406191623/tools/bin/../lib/gcc/arm-none-eabi/12.3.1/../../../../arm-none-eabi/lib/thumb/v7-m/nofp\libc_nano.a(libc_a-memset.o)
 .ARM.attributes
                0x00000449       0x2d C:/ST/STM32CubeIDE_1.16.1/STM32CubeIDE/plugins/com.st.stm32cube.ide.mcu.externaltools.gnu-tools-for-stm32.12.3.rel1.win32_1.0.200.202406191623/tools/bin/../lib/gcc/arm-none-eabi/12.3.1/../../../../arm-none-eabi/lib/thumb/v7-m/nofp\libc_nano.a(libc_a-reent.o)
 .ARM.attributes
                0x00000476       0x2d C:/ST/STM32CubeIDE_1.16.1/STM32CubeIDE/plugins/com.st.stm32cube.ide.mcu.externaltools.gnu-tools-for-stm32.12.3.rel1.win32_1.0.200.202406191623/tools/bin/../lib/gcc/arm-none-eabi/12.3.1/../../../../arm-none-eabi/lib/thumb/v7-m/nofp\libc_nano.a(libc_a-impure.o)
 .ARM.attributes
                0x000004a3       0x2d C:/ST/STM32CubeIDE_1.16.1/STM32CubeIDE/plugins/com.st.stm32cube.ide.mcu.externaltools.gnu-tools-for-stm32.12.3.rel1.win32_1.0.200.202406191623/tools/bin/../lib/gcc/arm-none-eabi/12.3.1/../../../../arm-none-eabi/lib/thumb/v7-m/nofp\libc_nano.a(libc_a-errno.o)
 .ARM.attributes
                0x000004d0       0x2d C:/ST/STM32CubeIDE_1.16.1/STM32CubeIDE/plugins/com.st.stm32cube.ide.mcu.externaltools.gnu-tools-for-stm32.12.3.rel1.win32_1.0.200.202406191623/tools/bin/../lib/gcc/arm-none-eabi/12.3.1/../../../../arm-none-eabi/lib/thumb/v7-m/nofp\libc_nano.a(libc_a-init.o)
 .ARM.attributes
                0x000004fd       0x2d C:/ST/STM32CubeIDE_1.16.1/STM32CubeIDE/plugins/com.st.stm32cube.ide.mcu.externaltools.gnu-tools-for-stm32.12.3.rel1.win32_1.0.200.202406191623/tools/bin/../lib/gcc/arm-none-eabi/12.3.1/../../../../arm-none-eabi/lib/thumb/v7-m/nofp\libc_nano.a(libc_a-lock.o)
 .ARM.attributes
                0x0000052a       0x2d C:/ST/STM32CubeIDE_1.16.1/STM32CubeIDE/plugins/com.st.stm32cube.ide.mcu.externaltools.gnu-tools-for-stm32.12.3.rel1.win32_1.0.200.202406191623/tools/bin/../lib/gcc/arm-none-eabi/12.3.1/../../../../arm-none-eabi/lib/thumb/v7-m/nofp\libc_nano.a(libc_a-strcpy.o)
 .ARM.attributes
                0x00000557       0x2d C:/ST/STM32CubeIDE_1.16.1/STM32CubeIDE/plugins/com.st.stm32cube.ide.mcu.externaltools.gnu-tools-for-stm32.12.3.rel1.win32_1.0.200.202406191623/tools/bin/../lib/gcc/arm-none-eabi/12.3.1/../../../../arm-none-eabi/lib/thumb/v7-m/nofp\libc_nano.a(libc_a-freer.o)
 .ARM.attributes
                0x00000584       0x2d C:/ST/STM32CubeIDE_1.16.1/STM32CubeIDE/plugins/com.st.stm32cube.ide.mcu.externaltools.gnu-tools-for-stm32.12.3.rel1.win32_1.0.200.202406191623/tools/bin/../lib/gcc/arm-none-eabi/12.3.1/../../../../arm-none-eabi/lib/thumb/v7-m/nofp\libc_nano.a(libc_a-mallocr.o)
 .ARM.attributes
                0x000005b1       0x2d C:/ST/STM32CubeIDE_1.16.1/STM32CubeIDE/plugins/com.st.stm32cube.ide.mcu.externaltools.gnu-tools-for-stm32.12.3.rel1.win32_1.0.200.202406191623/tools/bin/../lib/gcc/arm-none-eabi/12.3.1/../../../../arm-none-eabi/lib/thumb/v7-m/nofp\libc_nano.a(libc_a-mlock.o)
 .ARM.attributes
                0x000005de       0x2d C:/ST/STM32CubeIDE_1.16.1/STM32CubeIDE/plugins/com.st.stm32cube.ide.mcu.externaltools.gnu-tools-for-stm32.12.3.rel1.win32_1.0.200.202406191623/tools/bin/../lib/gcc/arm-none-eabi/12.3.1/../../../../arm-none-eabi/lib/thumb/v7-m/nofp\libc_nano.a(libc_a-nano-svfprintf.o)
 .ARM.attributes
                0x0000060b       0x2d C:/ST/STM32CubeIDE_1.16.1/STM32CubeIDE/plugins/com.st.stm32cube.ide.mcu.externaltools.gnu-tools-for-stm32.12.3.rel1.win32_1.0.200.202406191623/tools/bin/../lib/gcc/arm-none-eabi/12.3.1/../../../../arm-none-eabi/lib/thumb/v7-m/nofp\libc_nano.a(libc_a-nano-vfprintf_i.o)
 .ARM.attributes
                0x00000638       0x2d C:/ST/STM32CubeIDE_1.16.1/STM32CubeIDE/plugins/com.st.stm32cube.ide.mcu.externaltools.gnu-tools-for-stm32.12.3.rel1.win32_1.0.200.202406191623/tools/bin/../lib/gcc/arm-none-eabi/12.3.1/../../../../arm-none-eabi/lib/thumb/v7-m/nofp\libc_nano.a(libc_a-memmove.o)
 .ARM.attributes
                0x00000665       0x2d C:/ST/STM32CubeIDE_1.16.1/STM32CubeIDE/plugins/com.st.stm32cube.ide.mcu.externaltools.gnu-tools-for-stm32.12.3.rel1.win32_1.0.200.202406191623/tools/bin/../lib/gcc/arm-none-eabi/12.3.1/../../../../arm-none-eabi/lib/thumb/v7-m/nofp\libc_nano.a(libc_a-sbrkr.o)
 .ARM.attributes
                0x00000692       0x2d C:/ST/STM32CubeIDE_1.16.1/STM32CubeIDE/plugins/com.st.stm32cube.ide.mcu.externaltools.gnu-tools-for-stm32.12.3.rel1.win32_1.0.200.202406191623/tools/bin/../lib/gcc/arm-none-eabi/12.3.1/../../../../arm-none-eabi/lib/thumb/v7-m/nofp\libc_nano.a(libc_a-memchr-stub.o)
 .ARM.attributes
                0x000006bf       0x2d C:/ST/STM32CubeIDE_1.16.1/STM32CubeIDE/plugins/com.st.stm32cube.ide.mcu.externaltools.gnu-tools-for-stm32.12.3.rel1.win32_1.0.200.202406191623/tools/bin/../lib/gcc/arm-none-eabi/12.3.1/../../../../arm-none-eabi/lib/thumb/v7-m/nofp\libc_nano.a(libc_a-memcpy-stub.o)
 .ARM.attributes
                0x000006ec       0x2d C:/ST/STM32CubeIDE_1.16.1/STM32CubeIDE/plugins/com.st.stm32cube.ide.mcu.externaltools.gnu-tools-for-stm32.12.3.rel1.win32_1.0.200.202406191623/tools/bin/../lib/gcc/arm-none-eabi/12.3.1/../../../../arm-none-eabi/lib/thumb/v7-m/nofp\libc_nano.a(libc_a-reallocr.o)
 .ARM.attributes
                0x00000719       0x2d C:/ST/STM32CubeIDE_1.16.1/STM32CubeIDE/plugins/com.st.stm32cube.ide.mcu.externaltools.gnu-tools-for-stm32.12.3.rel1.win32_1.0.200.202406191623/tools/bin/../lib/gcc/arm-none-eabi/12.3.1/../../../../arm-none-eabi/lib/thumb/v7-m/nofp\libc_nano.a(libc_a-msizer.o)
 .ARM.attributes
                0x00000746       0x1d C:/ST/STM32CubeIDE_1.16.1/STM32CubeIDE/plugins/com.st.stm32cube.ide.mcu.externaltools.gnu-tools-for-stm32.12.3.rel1.win32_1.0.200.202406191623/tools/bin/../lib/gcc/arm-none-eabi/12.3.1/thumb/v7-m/nofp\libgcc.a(_arm_addsubdf3.o)
 .ARM.attributes
                0x00000763       0x1d C:/ST/STM32CubeIDE_1.16.1/STM32CubeIDE/plugins/com.st.stm32cube.ide.mcu.externaltools.gnu-tools-for-stm32.12.3.rel1.win32_1.0.200.202406191623/tools/bin/../lib/gcc/arm-none-eabi/12.3.1/thumb/v7-m/nofp\libgcc.a(_arm_muldivdf3.o)
 .ARM.attributes
                0x00000780       0x1d C:/ST/STM32CubeIDE_1.16.1/STM32CubeIDE/plugins/com.st.stm32cube.ide.mcu.externaltools.gnu-tools-for-stm32.12.3.rel1.win32_1.0.200.202406191623/tools/bin/../lib/gcc/arm-none-eabi/12.3.1/thumb/v7-m/nofp\libgcc.a(_arm_cmpdf2.o)
 .ARM.attributes
                0x0000079d       0x1d C:/ST/STM32CubeIDE_1.16.1/STM32CubeIDE/plugins/com.st.stm32cube.ide.mcu.externaltools.gnu-tools-for-stm32.12.3.rel1.win32_1.0.200.202406191623/tools/bin/../lib/gcc/arm-none-eabi/12.3.1/thumb/v7-m/nofp\libgcc.a(_arm_fixunsdfsi.o)
 .ARM.attributes
                0x000007ba       0x1d C:/ST/STM32CubeIDE_1.16.1/STM32CubeIDE/plugins/com.st.stm32cube.ide.mcu.externaltools.gnu-tools-for-stm32.12.3.rel1.win32_1.0.200.202406191623/tools/bin/../lib/gcc/arm-none-eabi/12.3.1/thumb/v7-m/nofp\libgcc.a(_arm_truncdfsf2.o)
 .ARM.attributes
                0x000007d7       0x1d C:/ST/STM32CubeIDE_1.16.1/STM32CubeIDE/plugins/com.st.stm32cube.ide.mcu.externaltools.gnu-tools-for-stm32.12.3.rel1.win32_1.0.200.202406191623/tools/bin/../lib/gcc/arm-none-eabi/12.3.1/thumb/v7-m/nofp\libgcc.a(_arm_addsubsf3.o)
 .ARM.attributes
                0x000007f4       0x1d C:/ST/STM32CubeIDE_1.16.1/STM32CubeIDE/plugins/com.st.stm32cube.ide.mcu.externaltools.gnu-tools-for-stm32.12.3.rel1.win32_1.0.200.202406191623/tools/bin/../lib/gcc/arm-none-eabi/12.3.1/thumb/v7-m/nofp\libgcc.a(_arm_muldivsf3.o)
 .ARM.attributes
                0x00000811       0x1d C:/ST/STM32CubeIDE_1.16.1/STM32CubeIDE/plugins/com.st.stm32cube.ide.mcu.externaltools.gnu-tools-for-stm32.12.3.rel1.win32_1.0.200.202406191623/tools/bin/../lib/gcc/arm-none-eabi/12.3.1/thumb/v7-m/nofp/crtn.o
OUTPUT(Dashboard_.elf elf32-littlearm)
LOAD linker stubs
LOAD C:/ST/STM32CubeIDE_1.16.1/STM32CubeIDE/plugins/com.st.stm32cube.ide.mcu.externaltools.gnu-tools-for-stm32.12.3.rel1.win32_1.0.200.202406191623/tools/bin/../lib/gcc/arm-none-eabi/12.3.1/../../../../arm-none-eabi/lib/thumb/v7-m/nofp\libc.a
LOAD C:/ST/STM32CubeIDE_1.16.1/STM32CubeIDE/plugins/com.st.stm32cube.ide.mcu.externaltools.gnu-tools-for-stm32.12.3.rel1.win32_1.0.200.202406191623/tools/bin/../lib/gcc/arm-none-eabi/12.3.1/../../../../arm-none-eabi/lib/thumb/v7-m/nofp\libm.a
LOAD C:/ST/STM32CubeIDE_1.16.1/STM32CubeIDE/plugins/com.st.stm32cube.ide.mcu.externaltools.gnu-tools-for-stm32.12.3.rel1.win32_1.0.200.202406191623/tools/bin/../lib/gcc/arm-none-eabi/12.3.1/thumb/v7-m/nofp\libgcc.a

.debug_info     0x00000000    0x1189b
 .debug_info    0x00000000     0x1b30 ./Core/Src/main.o
 .debug_info    0x00001b30     0x14c0 ./Core/Src/stm32f1xx_hal_msp.o
 .debug_info    0x00002ff0      0xdb5 ./Core/Src/stm32f1xx_it.o
 .debug_info    0x00003da5      0x168 ./Core/Src/sysmem.o
 .debug_info    0x00003f0d      0x222 ./Core/Src/system_stm32f1xx.o
 .debug_info    0x0000412f       0x30 ./Core/Startup/startup_stm32f103c8tx.o
 .debug_info    0x0000415f     0x12d3 ./Dashboard/Src/Dashboard_prog.o
 .debug_info    0x00005432      0x704 ./Drivers/STM32F1xx_HAL_Driver/Src/stm32f1xx_hal.o
 .debug_info    0x00005b36      0xc50 ./Drivers/STM32F1xx_HAL_Driver/Src/stm32f1xx_hal_adc.o
 .debug_info    0x00006786      0xf13 ./Drivers/STM32F1xx_HAL_Driver/Src/stm32f1xx_hal_can.o
 .debug_info    0x00007699      0xa87 ./Drivers/STM32F1xx_HAL_Driver/Src/stm32f1xx_hal_cortex.o
 .debug_info    0x00008120      0x6d2 ./Drivers/STM32F1xx_HAL_Driver/Src/stm32f1xx_hal_dma.o
 .debug_info    0x000087f2      0x5ab ./Drivers/STM32F1xx_HAL_Driver/Src/stm32f1xx_hal_gpio.o
 .debug_info    0x00008d9d      0x7d5 ./Drivers/STM32F1xx_HAL_Driver/Src/stm32f1xx_hal_rcc.o
 .debug_info    0x00009572      0x3c0 ./Drivers/STM32F1xx_HAL_Driver/Src/stm32f1xx_hal_rcc_ex.o
 .debug_info    0x00009932     0x2959 ./Drivers/STM32F1xx_HAL_Driver/Src/stm32f1xx_hal_tim.o
 .debug_info    0x0000c28b     0x149b ./Drivers/STM32F1xx_HAL_Driver/Src/stm32f1xx_hal_tim_ex.o
 .debug_info    0x0000d726     0x2eed ./Drivers/STM32F1xx_HAL_Driver/Src/stm32f1xx_hal_uart.o
 .debug_info    0x00010613      0x79a ./Nextion/Src/Nextion_prog.o
 .debug_info    0x00010dad      0xaee ./PROX/Src/PROX_prog.o

.debug_abbrev   0x00000000     0x2918
 .debug_abbrev  0x00000000      0x339 ./Core/Src/main.o
 .debug_abbrev  0x00000339      0x262 ./Core/Src/stm32f1xx_hal_msp.o
 .debug_abbrev  0x0000059b      0x222 ./Core/Src/stm32f1xx_it.o
 .debug_abbrev  0x000007bd       0xbc ./Core/Src/sysmem.o
 .debug_abbrev  0x00000879      0x13f ./Core/Src/system_stm32f1xx.o
 .debug_abbrev  0x000009b8       0x24 ./Core/Startup/startup_stm32f103c8tx.o
 .debug_abbrev  0x000009dc      0x271 ./Dashboard/Src/Dashboard_prog.o
 .debug_abbrev  0x00000c4d      0x201 ./Drivers/STM32F1xx_HAL_Driver/Src/stm32f1xx_hal.o
 .debug_abbrev  0x00000e4e      0x225 ./Drivers/STM32F1xx_HAL_Driver/Src/stm32f1xx_hal_adc.o
 .debug_abbrev  0x00001073      0x21c ./Drivers/STM32F1xx_HAL_Driver/Src/stm32f1xx_hal_can.o
 .debug_abbrev  0x0000128f      0x2f8 ./Drivers/STM32F1xx_HAL_Driver/Src/stm32f1xx_hal_cortex.o
 .debug_abbrev  0x00001587      0x20b ./Drivers/STM32F1xx_HAL_Driver/Src/stm32f1xx_hal_dma.o
 .debug_abbrev  0x00001792      0x1ca ./Drivers/STM32F1xx_HAL_Driver/Src/stm32f1xx_hal_gpio.o
 .debug_abbrev  0x0000195c      0x2b3 ./Drivers/STM32F1xx_HAL_Driver/Src/stm32f1xx_hal_rcc.o
 .debug_abbrev  0x00001c0f      0x188 ./Drivers/STM32F1xx_HAL_Driver/Src/stm32f1xx_hal_rcc_ex.o
 .debug_abbrev  0x00001d97      0x277 ./Drivers/STM32F1xx_HAL_Driver/Src/stm32f1xx_hal_tim.o
 .debug_abbrev  0x0000200e      0x282 ./Drivers/STM32F1xx_HAL_Driver/Src/stm32f1xx_hal_tim_ex.o
 .debug_abbrev  0x00002290      0x2f8 ./Drivers/STM32F1xx_HAL_Driver/Src/stm32f1xx_hal_uart.o
 .debug_abbrev  0x00002588      0x1ca ./Nextion/Src/Nextion_prog.o
 .debug_abbrev  0x00002752      0x1c6 ./PROX/Src/PROX_prog.o

.debug_aranges  0x00000000      0xfb0
 .debug_aranges
                0x00000000       0x90 ./Core/Src/main.o
 .debug_aranges
                0x00000090       0x70 ./Core/Src/stm32f1xx_hal_msp.o
 .debug_aranges
                0x00000100       0xa8 ./Core/Src/stm32f1xx_it.o
 .debug_aranges
                0x000001a8       0x20 ./Core/Src/sysmem.o
 .debug_aranges
                0x000001c8       0x28 ./Core/Src/system_stm32f1xx.o
 .debug_aranges
                0x000001f0       0x28 ./Core/Startup/startup_stm32f103c8tx.o
 .debug_aranges
                0x00000218       0x48 ./Dashboard/Src/Dashboard_prog.o
 .debug_aranges
                0x00000260       0xe0 ./Drivers/STM32F1xx_HAL_Driver/Src/stm32f1xx_hal.o
 .debug_aranges
                0x00000340       0xf0 ./Drivers/STM32F1xx_HAL_Driver/Src/stm32f1xx_hal_adc.o
 .debug_aranges
                0x00000430      0x138 ./Drivers/STM32F1xx_HAL_Driver/Src/stm32f1xx_hal_can.o
 .debug_aranges
                0x00000568      0x100 ./Drivers/STM32F1xx_HAL_Driver/Src/stm32f1xx_hal_cortex.o
 .debug_aranges
                0x00000668       0x80 ./Drivers/STM32F1xx_HAL_Driver/Src/stm32f1xx_hal_dma.o
 .debug_aranges
                0x000006e8       0x58 ./Drivers/STM32F1xx_HAL_Driver/Src/stm32f1xx_hal_gpio.o
 .debug_aranges
                0x00000740       0x90 ./Drivers/STM32F1xx_HAL_Driver/Src/stm32f1xx_hal_rcc.o
 .debug_aranges
                0x000007d0       0x30 ./Drivers/STM32F1xx_HAL_Driver/Src/stm32f1xx_hal_rcc_ex.o
 .debug_aranges
                0x00000800      0x3d0 ./Drivers/STM32F1xx_HAL_Driver/Src/stm32f1xx_hal_tim.o
 .debug_aranges
                0x00000bd0      0x168 ./Drivers/STM32F1xx_HAL_Driver/Src/stm32f1xx_hal_tim_ex.o
 .debug_aranges
                0x00000d38      0x208 ./Drivers/STM32F1xx_HAL_Driver/Src/stm32f1xx_hal_uart.o
 .debug_aranges
                0x00000f40       0x40 ./Nextion/Src/Nextion_prog.o
 .debug_aranges
                0x00000f80       0x30 ./PROX/Src/PROX_prog.o

.debug_rnglists
                0x00000000      0xc34
 .debug_rnglists
                0x00000000       0x6f ./Core/Src/main.o
 .debug_rnglists
                0x0000006f       0x53 ./Core/Src/stm32f1xx_hal_msp.o
 .debug_rnglists
                0x000000c2       0x79 ./Core/Src/stm32f1xx_it.o
 .debug_rnglists
                0x0000013b       0x13 ./Core/Src/sysmem.o
 .debug_rnglists
                0x0000014e       0x1a ./Core/Src/system_stm32f1xx.o
 .debug_rnglists
                0x00000168       0x19 ./Core/Startup/startup_stm32f103c8tx.o
 .debug_rnglists
                0x00000181       0x36 ./Dashboard/Src/Dashboard_prog.o
 .debug_rnglists
                0x000001b7       0xa3 ./Drivers/STM32F1xx_HAL_Driver/Src/stm32f1xx_hal.o
 .debug_rnglists
                0x0000025a       0xbc ./Drivers/STM32F1xx_HAL_Driver/Src/stm32f1xx_hal_adc.o
 .debug_rnglists
                0x00000316       0xed ./Drivers/STM32F1xx_HAL_Driver/Src/stm32f1xx_hal_can.o
 .debug_rnglists
                0x00000403       0xbb ./Drivers/STM32F1xx_HAL_Driver/Src/stm32f1xx_hal_cortex.o
 .debug_rnglists
                0x000004be       0x64 ./Drivers/STM32F1xx_HAL_Driver/Src/stm32f1xx_hal_dma.o
 .debug_rnglists
                0x00000522       0x3f ./Drivers/STM32F1xx_HAL_Driver/Src/stm32f1xx_hal_gpio.o
 .debug_rnglists
                0x00000561       0x6c ./Drivers/STM32F1xx_HAL_Driver/Src/stm32f1xx_hal_rcc.o
 .debug_rnglists
                0x000005cd       0x21 ./Drivers/STM32F1xx_HAL_Driver/Src/stm32f1xx_hal_rcc_ex.o
 .debug_rnglists
                0x000005ee      0x31a ./Drivers/STM32F1xx_HAL_Driver/Src/stm32f1xx_hal_tim.o
 .debug_rnglists
                0x00000908      0x125 ./Drivers/STM32F1xx_HAL_Driver/Src/stm32f1xx_hal_tim_ex.o
 .debug_rnglists
                0x00000a2d      0x1bc ./Drivers/STM32F1xx_HAL_Driver/Src/stm32f1xx_hal_uart.o
 .debug_rnglists
                0x00000be9       0x2b ./Nextion/Src/Nextion_prog.o
 .debug_rnglists
                0x00000c14       0x20 ./PROX/Src/PROX_prog.o

.debug_macro    0x00000000    0x19582
 .debug_macro   0x00000000      0x2c6 ./Core/Src/main.o
 .debug_macro   0x000002c6      0xaa8 ./Core/Src/main.o
 .debug_macro   0x00000d6e      0x227 ./Core/Src/main.o
 .debug_macro   0x00000f95       0x2e ./Core/Src/main.o
 .debug_macro   0x00000fc3       0x22 ./Core/Src/main.o
 .debug_macro   0x00000fe5       0x22 ./Core/Src/main.o
 .debug_macro   0x00001007       0x8e ./Core/Src/main.o
 .debug_macro   0x00001095       0x51 ./Core/Src/main.o
 .debug_macro   0x000010e6      0x103 ./Core/Src/main.o
 .debug_macro   0x000011e9       0x6a ./Core/Src/main.o
 .debug_macro   0x00001253      0x1df ./Core/Src/main.o
 .debug_macro   0x00001432       0x1c ./Core/Src/main.o
 .debug_macro   0x0000144e       0x22 ./Core/Src/main.o
 .debug_macro   0x00001470       0xbd ./Core/Src/main.o
 .debug_macro   0x0000152d      0xd23 ./Core/Src/main.o
 .debug_macro   0x00002250     0xe09e ./Core/Src/main.o
 .debug_macro   0x000102ee       0x6d ./Core/Src/main.o
 .debug_macro   0x0001035b     0x34a2 ./Core/Src/main.o
 .debug_macro   0x000137fd      0x189 ./Core/Src/main.o
 .debug_macro   0x00013986       0x5c ./Core/Src/main.o
 .debug_macro   0x000139e2      0x5bc ./Core/Src/main.o
 .debug_macro   0x00013f9e      0x289 ./Core/Src/main.o
 .debug_macro   0x00014227      0x1cb ./Core/Src/main.o
 .debug_macro   0x000143f2      0x114 ./Core/Src/main.o
 .debug_macro   0x00014506      0x1b2 ./Core/Src/main.o
 .debug_macro   0x000146b8       0x27 ./Core/Src/main.o
 .debug_macro   0x000146df      0x136 ./Core/Src/main.o
 .debug_macro   0x00014815      0x1bc ./Core/Src/main.o
 .debug_macro   0x000149d1       0x34 ./Core/Src/main.o
 .debug_macro   0x00014a05       0x3c ./Core/Src/main.o
 .debug_macro   0x00014a41      0x408 ./Core/Src/main.o
 .debug_macro   0x00014e49       0x57 ./Core/Src/main.o
 .debug_macro   0x00014ea0      0x46a ./Core/Src/main.o
 .debug_macro   0x0001530a      0x1b5 ./Core/Src/main.o
 .debug_macro   0x000154bf       0x87 ./Core/Src/main.o
 .debug_macro   0x00015546      0x240 ./Core/Src/main.o
 .debug_macro   0x00015786      0x140 ./Core/Src/main.o
 .debug_macro   0x000158c6      0x8ed ./Core/Src/main.o
 .debug_macro   0x000161b3      0x28e ./Core/Src/main.o
 .debug_macro   0x00016441       0x83 ./Core/Src/main.o
 .debug_macro   0x000164c4       0x61 ./Core/Src/main.o
 .debug_macro   0x00016525       0x24 ./Core/Src/main.o
 .debug_macro   0x00016549       0x43 ./Core/Src/main.o
 .debug_macro   0x0001658c       0x34 ./Core/Src/main.o
 .debug_macro   0x000165c0       0x16 ./Core/Src/main.o
 .debug_macro   0x000165d6       0x43 ./Core/Src/main.o
 .debug_macro   0x00016619       0x34 ./Core/Src/main.o
 .debug_macro   0x0001664d       0x10 ./Core/Src/main.o
 .debug_macro   0x0001665d       0x58 ./Core/Src/main.o
 .debug_macro   0x000166b5       0x8e ./Core/Src/main.o
 .debug_macro   0x00016743       0x1c ./Core/Src/main.o
 .debug_macro   0x0001675f      0x177 ./Core/Src/main.o
 .debug_macro   0x000168d6      0x369 ./Core/Src/main.o
 .debug_macro   0x00016c3f       0x10 ./Core/Src/main.o
 .debug_macro   0x00016c4f       0x35 ./Core/Src/main.o
 .debug_macro   0x00016c84       0x20 ./Core/Src/main.o
 .debug_macro   0x00016ca4       0x1c ./Core/Src/main.o
 .debug_macro   0x00016cc0       0x1c ./Core/Src/main.o
 .debug_macro   0x00016cdc       0x4c ./Core/Src/main.o
 .debug_macro   0x00016d28       0x22 ./Core/Src/main.o
 .debug_macro   0x00016d4a       0x34 ./Core/Src/main.o
 .debug_macro   0x00016d7e      0x1cb ./Core/Src/stm32f1xx_hal_msp.o
 .debug_macro   0x00016f49      0x1d5 ./Core/Src/stm32f1xx_it.o
 .debug_macro   0x0001711e       0xff ./Core/Src/sysmem.o
 .debug_macro   0x0001721d      0x23c ./Core/Src/sysmem.o
 .debug_macro   0x00017459      0x1c1 ./Core/Src/system_stm32f1xx.o
 .debug_macro   0x0001761a      0x2f5 ./Dashboard/Src/Dashboard_prog.o
 .debug_macro   0x0001790f       0x16 ./Dashboard/Src/Dashboard_prog.o
 .debug_macro   0x00017925       0x9e ./Dashboard/Src/Dashboard_prog.o
 .debug_macro   0x000179c3      0x10b ./Dashboard/Src/Dashboard_prog.o
 .debug_macro   0x00017ace       0x16 ./Dashboard/Src/Dashboard_prog.o
 .debug_macro   0x00017ae4       0x56 ./Dashboard/Src/Dashboard_prog.o
 .debug_macro   0x00017b3a       0x10 ./Dashboard/Src/Dashboard_prog.o
 .debug_macro   0x00017b4a      0x1e5 ./Drivers/STM32F1xx_HAL_Driver/Src/stm32f1xx_hal.o
 .debug_macro   0x00017d2f      0x1de ./Drivers/STM32F1xx_HAL_Driver/Src/stm32f1xx_hal_adc.o
 .debug_macro   0x00017f0d      0x1d0 ./Drivers/STM32F1xx_HAL_Driver/Src/stm32f1xx_hal_can.o
 .debug_macro   0x000180dd      0x1c1 ./Drivers/STM32F1xx_HAL_Driver/Src/stm32f1xx_hal_cortex.o
 .debug_macro   0x0001829e      0x1c1 ./Drivers/STM32F1xx_HAL_Driver/Src/stm32f1xx_hal_dma.o
 .debug_macro   0x0001845f      0x22c ./Drivers/STM32F1xx_HAL_Driver/Src/stm32f1xx_hal_gpio.o
 .debug_macro   0x0001868b      0x1d3 ./Drivers/STM32F1xx_HAL_Driver/Src/stm32f1xx_hal_rcc.o
 .debug_macro   0x0001885e      0x1c1 ./Drivers/STM32F1xx_HAL_Driver/Src/stm32f1xx_hal_rcc_ex.o
 .debug_macro   0x00018a1f      0x1c2 ./Drivers/STM32F1xx_HAL_Driver/Src/stm32f1xx_hal_tim.o
 .debug_macro   0x00018be1      0x1c1 ./Drivers/STM32F1xx_HAL_Driver/Src/stm32f1xx_hal_tim_ex.o
 .debug_macro   0x00018da2      0x1c2 ./Drivers/STM32F1xx_HAL_Driver/Src/stm32f1xx_hal_uart.o
 .debug_macro   0x00018f64      0x313 ./Nextion/Src/Nextion_prog.o
 .debug_macro   0x00019277       0x16 ./Nextion/Src/Nextion_prog.o
 .debug_macro   0x0001928d      0x2f5 ./PROX/Src/PROX_prog.o

.debug_line     0x00000000    0x12d5c
 .debug_line    0x00000000      0xdb4 ./Core/Src/main.o
 .debug_line    0x00000db4      0x90e ./Core/Src/stm32f1xx_hal_msp.o
 .debug_line    0x000016c2      0x8e7 ./Core/Src/stm32f1xx_it.o
 .debug_line    0x00001fa9      0x583 ./Core/Src/sysmem.o
 .debug_line    0x0000252c      0x7cb ./Core/Src/system_stm32f1xx.o
 .debug_line    0x00002cf7       0x78 ./Core/Startup/startup_stm32f103c8tx.o
 .debug_line    0x00002d6f      0xc12 ./Dashboard/Src/Dashboard_prog.o
 .debug_line    0x00003981      0x9f8 ./Drivers/STM32F1xx_HAL_Driver/Src/stm32f1xx_hal.o
 .debug_line    0x00004379     0x1075 ./Drivers/STM32F1xx_HAL_Driver/Src/stm32f1xx_hal_adc.o
 .debug_line    0x000053ee     0x11da ./Drivers/STM32F1xx_HAL_Driver/Src/stm32f1xx_hal_can.o
 .debug_line    0x000065c8      0xbe4 ./Drivers/STM32F1xx_HAL_Driver/Src/stm32f1xx_hal_cortex.o
 .debug_line    0x000071ac      0xe51 ./Drivers/STM32F1xx_HAL_Driver/Src/stm32f1xx_hal_dma.o
 .debug_line    0x00007ffd      0xa91 ./Drivers/STM32F1xx_HAL_Driver/Src/stm32f1xx_hal_gpio.o
 .debug_line    0x00008a8e      0xe01 ./Drivers/STM32F1xx_HAL_Driver/Src/stm32f1xx_hal_rcc.o
 .debug_line    0x0000988f      0x942 ./Drivers/STM32F1xx_HAL_Driver/Src/stm32f1xx_hal_rcc_ex.o
 .debug_line    0x0000a1d1     0x351d ./Drivers/STM32F1xx_HAL_Driver/Src/stm32f1xx_hal_tim.o
 .debug_line    0x0000d6ee     0x1947 ./Drivers/STM32F1xx_HAL_Driver/Src/stm32f1xx_hal_tim_ex.o
 .debug_line    0x0000f035     0x28d7 ./Drivers/STM32F1xx_HAL_Driver/Src/stm32f1xx_hal_uart.o
 .debug_line    0x0001190c      0x9d0 ./Nextion/Src/Nextion_prog.o
 .debug_line    0x000122dc      0xa80 ./PROX/Src/PROX_prog.o

.debug_str      0x00000000    0x92641
 .debug_str     0x00000000    0x8e6ba ./Core/Src/main.o
                              0x8ebfb (size before relaxing)
 .debug_str     0x0008e6ba      0x14d ./Core/Src/stm32f1xx_hal_msp.o
                              0x8b0f8 (size before relaxing)
 .debug_str     0x0008e807      0x194 ./Core/Src/stm32f1xx_it.o
                              0x8ace0 (size before relaxing)
 .debug_str     0x0008e99b      0x4dc ./Core/Src/sysmem.o
                               0x6068 (size before relaxing)
 .debug_str     0x0008ee77       0x7e ./Core/Src/system_stm32f1xx.o
                              0x8a295 (size before relaxing)
 .debug_str     0x0008eef5       0x44 ./Core/Startup/startup_stm32f103c8tx.o
                                 0x73 (size before relaxing)
 .debug_str     0x0008ef39      0x97d ./Dashboard/Src/Dashboard_prog.o
                              0x8eba6 (size before relaxing)
 .debug_str     0x0008f8b6      0x384 ./Drivers/STM32F1xx_HAL_Driver/Src/stm32f1xx_hal.o
                              0x8a9c8 (size before relaxing)
 .debug_str     0x0008fc3a      0x355 ./Drivers/STM32F1xx_HAL_Driver/Src/stm32f1xx_hal_adc.o
                              0x8a979 (size before relaxing)
 .debug_str     0x0008ff8f      0x431 ./Drivers/STM32F1xx_HAL_Driver/Src/stm32f1xx_hal_can.o
                              0x8aa9d (size before relaxing)
 .debug_str     0x000903c0      0x26c ./Drivers/STM32F1xx_HAL_Driver/Src/stm32f1xx_hal_cortex.o
                              0x8a914 (size before relaxing)
 .debug_str     0x0009062c      0x216 ./Drivers/STM32F1xx_HAL_Driver/Src/stm32f1xx_hal_dma.o
                              0x8a63e (size before relaxing)
 .debug_str     0x00090842      0x28b ./Drivers/STM32F1xx_HAL_Driver/Src/stm32f1xx_hal_gpio.o
                              0x8a61b (size before relaxing)
 .debug_str     0x00090acd      0x229 ./Drivers/STM32F1xx_HAL_Driver/Src/stm32f1xx_hal_rcc.o
                              0x8a6c4 (size before relaxing)
 .debug_str     0x00090cf6       0x84 ./Drivers/STM32F1xx_HAL_Driver/Src/stm32f1xx_hal_rcc_ex.o
                              0x8a414 (size before relaxing)
 .debug_str     0x00090d7a      0xd05 ./Drivers/STM32F1xx_HAL_Driver/Src/stm32f1xx_hal_tim.o
                              0x8b6c6 (size before relaxing)
 .debug_str     0x00091a7f      0x493 ./Drivers/STM32F1xx_HAL_Driver/Src/stm32f1xx_hal_tim_ex.o
                              0x8aed2 (size before relaxing)
 .debug_str     0x00091f12      0x5f7 ./Drivers/STM32F1xx_HAL_Driver/Src/stm32f1xx_hal_uart.o
                              0x8ad35 (size before relaxing)
 .debug_str     0x00092509       0x8c ./Nextion/Src/Nextion_prog.o
                              0x8dfd6 (size before relaxing)
 .debug_str     0x00092595       0xac ./PROX/Src/PROX_prog.o
                              0x8e3f4 (size before relaxing)

.comment        0x00000000       0x43
 .comment       0x00000000       0x43 ./Core/Src/main.o
                                 0x44 (size before relaxing)
 .comment       0x00000043       0x44 ./Core/Src/stm32f1xx_hal_msp.o
 .comment       0x00000043       0x44 ./Core/Src/stm32f1xx_it.o
 .comment       0x00000043       0x44 ./Core/Src/sysmem.o
 .comment       0x00000043       0x44 ./Core/Src/system_stm32f1xx.o
 .comment       0x00000043       0x44 ./Dashboard/Src/Dashboard_prog.o
 .comment       0x00000043       0x44 ./Drivers/STM32F1xx_HAL_Driver/Src/stm32f1xx_hal.o
 .comment       0x00000043       0x44 ./Drivers/STM32F1xx_HAL_Driver/Src/stm32f1xx_hal_adc.o
 .comment       0x00000043       0x44 ./Drivers/STM32F1xx_HAL_Driver/Src/stm32f1xx_hal_can.o
 .comment       0x00000043       0x44 ./Drivers/STM32F1xx_HAL_Driver/Src/stm32f1xx_hal_cortex.o
 .comment       0x00000043       0x44 ./Drivers/STM32F1xx_HAL_Driver/Src/stm32f1xx_hal_dma.o
 .comment       0x00000043       0x44 ./Drivers/STM32F1xx_HAL_Driver/Src/stm32f1xx_hal_gpio.o
 .comment       0x00000043       0x44 ./Drivers/STM32F1xx_HAL_Driver/Src/stm32f1xx_hal_rcc.o
 .comment       0x00000043       0x44 ./Drivers/STM32F1xx_HAL_Driver/Src/stm32f1xx_hal_rcc_ex.o
 .comment       0x00000043       0x44 ./Drivers/STM32F1xx_HAL_Driver/Src/stm32f1xx_hal_tim.o
 .comment       0x00000043       0x44 ./Drivers/STM32F1xx_HAL_Driver/Src/stm32f1xx_hal_tim_ex.o
 .comment       0x00000043       0x44 ./Drivers/STM32F1xx_HAL_Driver/Src/stm32f1xx_hal_uart.o
 .comment       0x00000043       0x44 ./Nextion/Src/Nextion_prog.o
 .comment       0x00000043       0x44 ./PROX/Src/PROX_prog.o

.debug_frame    0x00000000     0x48e4
 .debug_frame   0x00000000      0x210 ./Core/Src/main.o
 .debug_frame   0x00000210      0x1a0 ./Core/Src/stm32f1xx_hal_msp.o
 .debug_frame   0x000003b0      0x200 ./Core/Src/stm32f1xx_it.o
 .debug_frame   0x000005b0       0x34 ./Core/Src/sysmem.o
 .debug_frame   0x000005e4       0x58 ./Core/Src/system_stm32f1xx.o
 .debug_frame   0x0000063c       0xec ./Dashboard/Src/Dashboard_prog.o
 .debug_frame   0x00000728      0x334 ./Drivers/STM32F1xx_HAL_Driver/Src/stm32f1xx_hal.o