../Core/Src/main.c:98:6:HAL_CAN_RxFifo0MsgPendingCallback	16	static
../Core/Src/main.c:104:6:HAL_GPIO_EXTI_Callback	16	static
../Core/Src/main.c:114:6:HAL_TIM_IC_CaptureCallback	16	static
../Core/Src/main.c:123:6:HAL_TIM_PeriodElapsedCallback	16	static
../Core/Src/main.c:153:5:main	8	static
../Core/Src/main.c:222:6:SystemClock_Config	88	static
../Core/Src/main.c:269:13:MX_ADC1_Init	24	static
../Core/Src/main.c:316:13:MX_CAN_Init	48	static
../Core/Src/main.c:366:13:MX_TIM1_Init	32	static
../Core/Src/main.c:412:13:MX_TIM2_Init	32	static
../Core/Src/main.c:472:13:MX_TIM3_Init	32	static
../Core/Src/main.c:517:13:MX_TIM4_Init	32	static
../Core/Src/main.c:562:13:MX_USART1_UART_Init	8	static
../Core/Src/main.c:595:13:MX_GPIO_Init	40	static
../Core/Src/main.c:642:6:Error_Handler	4	static,ignoring_inline_asm
